../Core/Src/main.c:161:5:main	88	static
../Core/Src/main.c:407:6:SystemClock_Config	88	static
../Core/Src/main.c:454:13:MX_ADC1_Init	24	static
../Core/Src/main.c:506:13:MX_TIM3_Init	64	static
../Core/Src/main.c:565:13:MX_USART2_UART_Init	8	static
../Core/Src/main.c:598:13:MX_USART6_UART_Init	8	static
../Core/Src/main.c:629:13:MX_DMA_Init	16	static
../Core/Src/main.c:647:13:MX_GPIO_Init	48	static
../Core/Src/main.c:686:6:CPUTemprdINIT	4	static
../Core/Src/main.c:692:10:CPUTempread	16	static
../Core/Src/main.c:710:7:ADCTVolta	16	static
../Core/Src/main.c:715:7:TempEquat	16	static
../Core/Src/main.c:721:6:Compare_pin_32	48	static
../Core/Src/main.c:783:6:resetgpio_char	8	static
../Core/Src/main.c:799:6:CheckAllPass	8	static
../Core/Src/main.c:878:6:HAL_GPIO_EXTI_Callback	16	static
../Core/Src/main.c:926:6:HAL_UART_RxCpltCallback	16	static
../Core/Src/main.c:939:6:Error_Handler	4	static,ignoring_inline_asm
