../Core/Src/main.c:113:5:main	96	static
../Core/Src/main.c:227:6:SystemClock_Config	88	static
../Core/Src/main.c:274:13:MX_ADC1_Init	24	static
../Core/Src/main.c:326:13:MX_TIM3_Init	64	static
../Core/Src/main.c:385:13:MX_USART2_UART_Init	8	static
../Core/Src/main.c:418:13:MX_USART6_UART_Init	8	static
../Core/Src/main.c:451:13:MX_GPIO_Init	48	static
../Core/Src/main.c:490:6:CPUTemprdINIT	4	static
../Core/Src/main.c:496:10:CPUTempread	16	static
../Core/Src/main.c:514:7:ADCTVolta	16	static
../Core/Src/main.c:519:7:TempEquat	16	static
../Core/Src/main.c:524:6:GPIO_Selftest_step_1_single	24	static
../Core/Src/main.c:582:6:Tx_UART_Verita_Packet	56	static
../Core/Src/main.c:616:6:HAL_GPIO_EXTI_Callback	16	static
../Core/Src/main.c:653:6:Error_Handler	4	static,ignoring_inline_asm
