Archive member included to satisfy reference by file (symbol)

c:/st/stm32cubeide_1.8.0/stm32cubeide/plugins/com.st.stm32cube.ide.mcu.externaltools.gnu-tools-for-stm32.10.3-2021.10.win32_1.0.0.202111181127/tools/bin/../lib/gcc/arm-none-eabi/10.3.1/../../../../arm-none-eabi/lib/thumb/v7e-m+fp/hard\libc_nano.a(lib_a-errno.o)
                              ./Core/Src/syscalls.o (__errno)
c:/st/stm32cubeide_1.8.0/stm32cubeide/plugins/com.st.stm32cube.ide.mcu.externaltools.gnu-tools-for-stm32.10.3-2021.10.win32_1.0.0.202111181127/tools/bin/../lib/gcc/arm-none-eabi/10.3.1/../../../../arm-none-eabi/lib/thumb/v7e-m+fp/hard\libc_nano.a(lib_a-exit.o)
                              c:/st/stm32cubeide_1.8.0/stm32cubeide/plugins/com.st.stm32cube.ide.mcu.externaltools.gnu-tools-for-stm32.10.3-2021.10.win32_1.0.0.202111181127/tools/bin/../lib/gcc/arm-none-eabi/10.3.1/../../../../arm-none-eabi/lib/thumb/v7e-m+fp/hard/crt0.o (exit)
c:/st/stm32cubeide_1.8.0/stm32cubeide/plugins/com.st.stm32cube.ide.mcu.externaltools.gnu-tools-for-stm32.10.3-2021.10.win32_1.0.0.202111181127/tools/bin/../lib/gcc/arm-none-eabi/10.3.1/../../../../arm-none-eabi/lib/thumb/v7e-m+fp/hard\libc_nano.a(lib_a-impure.o)
                              c:/st/stm32cubeide_1.8.0/stm32cubeide/plugins/com.st.stm32cube.ide.mcu.externaltools.gnu-tools-for-stm32.10.3-2021.10.win32_1.0.0.202111181127/tools/bin/../lib/gcc/arm-none-eabi/10.3.1/../../../../arm-none-eabi/lib/thumb/v7e-m+fp/hard\libc_nano.a(lib_a-exit.o) (_global_impure_ptr)
c:/st/stm32cubeide_1.8.0/stm32cubeide/plugins/com.st.stm32cube.ide.mcu.externaltools.gnu-tools-for-stm32.10.3-2021.10.win32_1.0.0.202111181127/tools/bin/../lib/gcc/arm-none-eabi/10.3.1/../../../../arm-none-eabi/lib/thumb/v7e-m+fp/hard\libc_nano.a(lib_a-init.o)
                              c:/st/stm32cubeide_1.8.0/stm32cubeide/plugins/com.st.stm32cube.ide.mcu.externaltools.gnu-tools-for-stm32.10.3-2021.10.win32_1.0.0.202111181127/tools/bin/../lib/gcc/arm-none-eabi/10.3.1/../../../../arm-none-eabi/lib/thumb/v7e-m+fp/hard/crt0.o (__libc_init_array)
c:/st/stm32cubeide_1.8.0/stm32cubeide/plugins/com.st.stm32cube.ide.mcu.externaltools.gnu-tools-for-stm32.10.3-2021.10.win32_1.0.0.202111181127/tools/bin/../lib/gcc/arm-none-eabi/10.3.1/../../../../arm-none-eabi/lib/thumb/v7e-m+fp/hard\libc_nano.a(lib_a-memset.o)
                              c:/st/stm32cubeide_1.8.0/stm32cubeide/plugins/com.st.stm32cube.ide.mcu.externaltools.gnu-tools-for-stm32.10.3-2021.10.win32_1.0.0.202111181127/tools/bin/../lib/gcc/arm-none-eabi/10.3.1/../../../../arm-none-eabi/lib/thumb/v7e-m+fp/hard/crt0.o (memset)
c:/st/stm32cubeide_1.8.0/stm32cubeide/plugins/com.st.stm32cube.ide.mcu.externaltools.gnu-tools-for-stm32.10.3-2021.10.win32_1.0.0.202111181127/tools/bin/../lib/gcc/arm-none-eabi/10.3.1/thumb/v7e-m+fp/hard\libgcc.a(_aeabi_uldivmod.o)
                              ./Drivers/STM32F4xx_HAL_Driver/Src/stm32f4xx_hal_rcc.o (__aeabi_uldivmod)
c:/st/stm32cubeide_1.8.0/stm32cubeide/plugins/com.st.stm32cube.ide.mcu.externaltools.gnu-tools-for-stm32.10.3-2021.10.win32_1.0.0.202111181127/tools/bin/../lib/gcc/arm-none-eabi/10.3.1/thumb/v7e-m+fp/hard\libgcc.a(_udivmoddi4.o)
                              c:/st/stm32cubeide_1.8.0/stm32cubeide/plugins/com.st.stm32cube.ide.mcu.externaltools.gnu-tools-for-stm32.10.3-2021.10.win32_1.0.0.202111181127/tools/bin/../lib/gcc/arm-none-eabi/10.3.1/thumb/v7e-m+fp/hard\libgcc.a(_aeabi_uldivmod.o) (__udivmoddi4)
c:/st/stm32cubeide_1.8.0/stm32cubeide/plugins/com.st.stm32cube.ide.mcu.externaltools.gnu-tools-for-stm32.10.3-2021.10.win32_1.0.0.202111181127/tools/bin/../lib/gcc/arm-none-eabi/10.3.1/thumb/v7e-m+fp/hard\libgcc.a(_dvmd_tls.o)
                              c:/st/stm32cubeide_1.8.0/stm32cubeide/plugins/com.st.stm32cube.ide.mcu.externaltools.gnu-tools-for-stm32.10.3-2021.10.win32_1.0.0.202111181127/tools/bin/../lib/gcc/arm-none-eabi/10.3.1/thumb/v7e-m+fp/hard\libgcc.a(_aeabi_uldivmod.o) (__aeabi_ldiv0)

Discarded input sections

 .text          0x0000000000000000        0x0 c:/st/stm32cubeide_1.8.0/stm32cubeide/plugins/com.st.stm32cube.ide.mcu.externaltools.gnu-tools-for-stm32.10.3-2021.10.win32_1.0.0.202111181127/tools/bin/../lib/gcc/arm-none-eabi/10.3.1/thumb/v7e-m+fp/hard/crti.o
 .data          0x0000000000000000        0x0 c:/st/stm32cubeide_1.8.0/stm32cubeide/plugins/com.st.stm32cube.ide.mcu.externaltools.gnu-tools-for-stm32.10.3-2021.10.win32_1.0.0.202111181127/tools/bin/../lib/gcc/arm-none-eabi/10.3.1/thumb/v7e-m+fp/hard/crti.o
 .bss           0x0000000000000000        0x0 c:/st/stm32cubeide_1.8.0/stm32cubeide/plugins/com.st.stm32cube.ide.mcu.externaltools.gnu-tools-for-stm32.10.3-2021.10.win32_1.0.0.202111181127/tools/bin/../lib/gcc/arm-none-eabi/10.3.1/thumb/v7e-m+fp/hard/crti.o
[...]
Memory Configuration

Name             Origin             Length             Attributes
RAM              0x0000000020000000 0x0000000000020000 xrw
FLASH            0x0000000008000000 0x0000000000080000 xr
*default*        0x0000000000000000 0xffffffffffffffff

Linker script and memory map

LOAD c:/st/stm32cubeide_1.8.0/stm32cubeide/plugins/com.st.stm32cube.ide.mcu.externaltools.gnu-tools-for-stm32.10.3-2021.10.win32_1.0.0.202111181127/tools/bin/../lib/gcc/arm-none-eabi/10.3.1/thumb/v7e-m+fp/hard/crti.o
LOAD c:/st/stm32cubeide_1.8.0/stm32cubeide/plugins/com.st.stm32cube.ide.mcu.externaltools.gnu-tools-for-stm32.10.3-2021.10.win32_1.0.0.202111181127/tools/bin/../lib/gcc/arm-none-eabi/10.3.1/thumb/v7e-m+fp/hard/crtbegin.o
LOAD c:/st/stm32cubeide_1.8.0/stm32cubeide/plugins/com.st.stm32cube.ide.mcu.externaltools.gnu-tools-for-stm32.10.3-2021.10.win32_1.0.0.202111181127/tools/bin/../lib/gcc/arm-none-eabi/10.3.1/../../../../arm-none-eabi/lib/thumb/v7e-m+fp/hard/crt0.o
LOAD ./Core/Src/INA219.o
LOAD ./Core/Src/main.o
LOAD ./Core/Src/stm32f4xx_hal_msp.o
LOAD ./Core/Src/stm32f4xx_it.o
LOAD ./Core/Src/syscalls.o
LOAD ./Core/Src/sysmem.o
LOAD ./Core/Src/system_stm32f4xx.o
LOAD ./Core/Src/LCDrv_f4_spi/Fonts/font12.o
LOAD ./Core/Src/LCDrv_f4_spi/Fonts/font16.o
LOAD ./Core/Src/LCDrv_f4_spi/Fonts/font20.o
LOAD ./Core/Src/LCDrv_f4_spi/Fonts/font24.o
LOAD ./Core/Src/LCDrv_f4_spi/Fonts/font8.o
LOAD ./Core/Src/LCDrv_f4_spi/ili9341.o
LOAD ./Core/Src/LCDrv_f4_spi/lcd_io_spi.o
LOAD ./Core/Src/ili9341/fonts.o
LOAD ./Core/Src/ili9341/ili9341.o
LOAD ./Core/Startup/startup_stm32f411retx.o
LOAD ./Drivers/STM32F4xx_HAL_Driver/Src/stm32f4xx_hal.o
LOAD ./Drivers/STM32F4xx_HAL_Driver/Src/stm32f4xx_hal_cortex.o
LOAD ./Drivers/STM32F4xx_HAL_Driver/Src/stm32f4xx_hal_dma.o
LOAD ./Drivers/STM32F4xx_HAL_Driver/Src/stm32f4xx_hal_dma_ex.o
LOAD ./Drivers/STM32F4xx_HAL_Driver/Src/stm32f4xx_hal_exti.o
LOAD ./Drivers/STM32F4xx_HAL_Driver/Src/stm32f4xx_hal_flash.o
LOAD ./Drivers/STM32F4xx_HAL_Driver/Src/stm32f4xx_hal_flash_ex.o
LOAD ./Drivers/STM32F4xx_HAL_Driver/Src/stm32f4xx_hal_flash_ramfunc.o
LOAD ./Drivers/STM32F4xx_HAL_Driver/Src/stm32f4xx_hal_gpio.o
LOAD ./Drivers/STM32F4xx_HAL_Driver/Src/stm32f4xx_hal_i2c.o
LOAD ./Drivers/STM32F4xx_HAL_Driver/Src/stm32f4xx_hal_i2c_ex.o
LOAD ./Drivers/STM32F4xx_HAL_Driver/Src/stm32f4xx_hal_pwr.o
LOAD ./Drivers/STM32F4xx_HAL_Driver/Src/stm32f4xx_hal_pwr_ex.o
LOAD ./Drivers/STM32F4xx_HAL_Driver/Src/stm32f4xx_hal_rcc.o
LOAD ./Drivers/STM32F4xx_HAL_Driver/Src/stm32f4xx_hal_rcc_ex.o
LOAD ./Drivers/STM32F4xx_HAL_Driver/Src/stm32f4xx_hal_spi.o
LOAD ./Drivers/STM32F4xx_HAL_Driver/Src/stm32f4xx_hal_tim.o
LOAD ./Drivers/STM32F4xx_HAL_Driver/Src/stm32f4xx_hal_tim_ex.o
LOAD ./Drivers/STM32F4xx_HAL_Driver/Src/stm32f4xx_hal_uart.o
START GROUP
LOAD c:/st/stm32cubeide_1.8.0/stm32cubeide/plugins/com.st.stm32cube.ide.mcu.externaltools.gnu-tools-for-stm32.10.3-2021.10.win32_1.0.0.202111181127/tools/bin/../lib/gcc/arm-none-eabi/10.3.1/../../../../arm-none-eabi/lib/thumb/v7e-m+fp/hard\libc_nano.a
LOAD c:/st/stm32cubeide_1.8.0/stm32cubeide/plugins/com.st.stm32cube.ide.mcu.externaltools.gnu-tools-for-stm32.10.3-2021.10.win32_1.0.0.202111181127/tools/bin/../lib/gcc/arm-none-eabi/10.3.1/../../../../arm-none-eabi/lib/thumb/v7e-m+fp/hard\libm.a
END GROUP
START GROUP
LOAD c:/st/stm32cubeide_1.8.0/stm32cubeide/plugins/com.st.stm32cube.ide.mcu.externaltools.gnu-tools-for-stm32.10.3-2021.10.win32_1.0.0.202111181127/tools/bin/../lib/gcc/arm-none-eabi/10.3.1/thumb/v7e-m+fp/hard\libgcc.a
LOAD c:/st/stm32cubeide_1.8.0/stm32cubeide/plugins/com.st.stm32cube.ide.mcu.externaltools.gnu-tools-for-stm32.10.3-2021.10.win32_1.0.0.202111181127/tools/bin/../lib/gcc/arm-none-eabi/10.3.1/../../../../arm-none-eabi/lib/thumb/v7e-m+fp/hard\libc_nano.a
END GROUP
START GROUP
LOAD c:/st/stm32cubeide_1.8.0/stm32cubeide/plugins/com.st.stm32cube.ide.mcu.externaltools.gnu-tools-for-stm32.10.3-2021.10.win32_1.0.0.202111181127/tools/bin/../lib/gcc/arm-none-eabi/10.3.1/thumb/v7e-m+fp/hard\libgcc.a
LOAD c:/st/stm32cubeide_1.8.0/stm32cubeide/plugins/com.st.stm32cube.ide.mcu.externaltools.gnu-tools-for-stm32.10.3-2021.10.win32_1.0.0.202111181127/tools/bin/../lib/gcc/arm-none-eabi/10.3.1/../../../../arm-none-eabi/lib/thumb/v7e-m+fp/hard\libc_nano.a
LOAD c:/st/stm32cubeide_1.8.0/stm32cubeide/plugins/com.st.stm32cube.ide.mcu.externaltools.gnu-tools-for-stm32.10.3-2021.10.win32_1.0.0.202111181127/tools/bin/../lib/gcc/arm-none-eabi/10.3.1/../../../../arm-none-eabi/lib/thumb/v7e-m+fp/hard\libnosys.a
END GROUP
START GROUP
LOAD c:/st/stm32cubeide_1.8.0/stm32cubeide/plugins/com.st.stm32cube.ide.mcu.externaltools.gnu-tools-for-stm32.10.3-2021.10.win32_1.0.0.202111181127/tools/bin/../lib/gcc/arm-none-eabi/10.3.1/thumb/v7e-m+fp/hard\libgcc.a
LOAD c:/st/stm32cubeide_1.8.0/stm32cubeide/plugins/com.st.stm32cube.ide.mcu.externaltools.gnu-tools-for-stm32.10.3-2021.10.win32_1.0.0.202111181127/tools/bin/../lib/gcc/arm-none-eabi/10.3.1/../../../../arm-none-eabi/lib/thumb/v7e-m+fp/hard\libc_nano.a
LOAD c:/st/stm32cubeide_1.8.0/stm32cubeide/plugins/com.st.stm32cube.ide.mcu.externaltools.gnu-tools-for-stm32.10.3-2021.10.win32_1.0.0.202111181127/tools/bin/../lib/gcc/arm-none-eabi/10.3.1/../../../../arm-none-eabi/lib/thumb/v7e-m+fp/hard\libnosys.a
END GROUP
LOAD c:/st/stm32cubeide_1.8.0/stm32cubeide/plugins/com.st.stm32cube.ide.mcu.externaltools.gnu-tools-for-stm32.10.3-2021.10.win32_1.0.0.202111181127/tools/bin/../lib/gcc/arm-none-eabi/10.3.1/thumb/v7e-m+fp/hard/crtend.o
LOAD c:/st/stm32cubeide_1.8.0/stm32cubeide/plugins/com.st.stm32cube.ide.mcu.externaltools.gnu-tools-for-stm32.10.3-2021.10.win32_1.0.0.202111181127/tools/bin/../lib/gcc/arm-none-eabi/10.3.1/thumb/v7e-m+fp/hard/crtn.o
                0x0000000020020000                _estack = (ORIGIN (RAM) + LENGTH (RAM))
                0x0000000000000200                _Min_Heap_Size = 0x200
                0x0000000000000400                _Min_Stack_Size = 0x400

.isr_vector     0x0000000008000000      0x198
                0x0000000008000000                . = ALIGN (0x4)
 *(.isr_vector)
 .isr_vector    0x0000000008000000      0x198 ./Core/Startup/startup_stm32f411retx.o
                0x0000000008000000                g_pfnVectors
                0x0000000008000198                . = ALIGN (0x4)

.text           0x0000000008000198     0x5160
                0x0000000008000198                . = ALIGN (0x4)
 *(.text)
 .text          0x0000000008000198       0x40 c:/st/stm32cubeide_1.8.0/stm32cubeide/plugins/com.st.stm32cube.ide.mcu.externaltools.gnu-tools-for-stm32.10.3-2021.10.win32_1.0.0.202111181127/tools/bin/../lib/gcc/arm-none-eabi/10.3.1/thumb/v7e-m+fp/hard/crtbegin.o
 .text          0x00000000080001d8       0x30 c:/st/stm32cubeide_1.8.0/stm32cubeide/plugins/com.st.stm32cube.ide.mcu.externaltools.gnu-tools-for-stm32.10.3-2021.10.win32_1.0.0.202111181127/tools/bin/../lib/gcc/arm-none-eabi/10.3.1/thumb/v7e-m+fp/hard\libgcc.a(_aeabi_uldivmod.o)
                0x00000000080001d8                __aeabi_uldivmod
 .text          0x0000000008000208      0x2d0 c:/st/stm32cubeide_1.8.0/stm32cubeide/plugins/com.st.stm32cube.ide.mcu.externaltools.gnu-tools-for-stm32.10.3-2021.10.win32_1.0.0.202111181127/tools/bin/../lib/gcc/arm-none-eabi/10.3.1/thumb/v7e-m+fp/hard\libgcc.a(_udivmoddi4.o)
                0x0000000008000208                __udivmoddi4
 .text          0x00000000080004d8        0x4 c:/st/stm32cubeide_1.8.0/stm32cubeide/plugins/com.st.stm32cube.ide.mcu.externaltools.gnu-tools-for-stm32.10.3-2021.10.win32_1.0.0.202111181127/tools/bin/../lib/gcc/arm-none-eabi/10.3.1/thumb/v7e-m+fp/hard\libgcc.a(_dvmd_tls.o)
                0x00000000080004d8                __aeabi_idiv0
                0x00000000080004d8                __aeabi_ldiv0
 *(.text*)
 .text.INA219Read_cx
                0x00000000080004dc       0x48 ./Core/Src/INA219.o
                0x00000000080004dc                INA219Read_cx
 .text.main     0x0000000008000524       0xe8 ./Core/Src/main.o
                0x0000000008000524                main
 .text.SystemClock_Config
                0x000000000800060c       0xd4 ./Core/Src/main.o
                0x000000000800060c                SystemClock_Config
 .text.MX_I2C1_Init
                0x00000000080006e0       0x5c ./Core/Src/main.o
 .text.MX_SPI2_Init
                0x000000000800073c       0x70 ./Core/Src/main.o
 .text.MX_USART2_UART_Init
                0x00000000080007ac       0x54 ./Core/Src/main.o
 .text.MX_GPIO_Init
                0x0000000008000800      0x110 ./Core/Src/main.o
 .text.Error_Handler
                0x0000000008000910        0xa ./Core/Src/main.o
                0x0000000008000910                Error_Handler
 *fill*         0x000000000800091a        0x2 
 .text.HAL_MspInit
                0x000000000800091c       0x50 ./Core/Src/stm32f4xx_hal_msp.o
                0x000000000800091c                HAL_MspInit
 .text.HAL_I2C_MspInit
                0x000000000800096c       0xb0 ./Core/Src/stm32f4xx_hal_msp.o
                0x000000000800096c                HAL_I2C_MspInit
 .text.HAL_SPI_MspInit
                0x0000000008000a1c       0xd0 ./Core/Src/stm32f4xx_hal_msp.o
                0x0000000008000a1c                HAL_SPI_MspInit
 .text.HAL_UART_MspInit
                0x0000000008000aec       0x90 ./Core/Src/stm32f4xx_hal_msp.o
                0x0000000008000aec                HAL_UART_MspInit
 .text.NMI_Handler
                0x0000000008000b7c        0x6 ./Core/Src/stm32f4xx_it.o
                0x0000000008000b7c                NMI_Handler
 .text.HardFault_Handler
                0x0000000008000b82        0x6 ./Core/Src/stm32f4xx_it.o
                0x0000000008000b82                HardFault_Handler
 .text.MemManage_Handler
                0x0000000008000b88        0x6 ./Core/Src/stm32f4xx_it.o
                0x0000000008000b88                MemManage_Handler
 .text.BusFault_Handler
                0x0000000008000b8e        0x6 ./Core/Src/stm32f4xx_it.o
                0x0000000008000b8e                BusFault_Handler
 .text.UsageFault_Handler
                0x0000000008000b94        0x6 ./Core/Src/stm32f4xx_it.o
                0x0000000008000b94                UsageFault_Handler
 .text.SVC_Handler
                0x0000000008000b9a        0xe ./Core/Src/stm32f4xx_it.o
                0x0000000008000b9a                SVC_Handler
 .text.DebugMon_Handler
                0x0000000008000ba8        0xe ./Core/Src/stm32f4xx_it.o
                0x0000000008000ba8                DebugMon_Handler
 .text.PendSV_Handler
                0x0000000008000bb6        0xe ./Core/Src/stm32f4xx_it.o
                0x0000000008000bb6                PendSV_Handler
 .text.SysTick_Handler
                0x0000000008000bc4        0xc ./Core/Src/stm32f4xx_it.o
                0x0000000008000bc4                SysTick_Handler
 .text.I2C1_EV_IRQHandler
                0x0000000008000bd0       0x14 ./Core/Src/stm32f4xx_it.o
                0x0000000008000bd0                I2C1_EV_IRQHandler
 .text.I2C1_ER_IRQHandler
                0x0000000008000be4       0x14 ./Core/Src/stm32f4xx_it.o
                0x0000000008000be4                I2C1_ER_IRQHandler
 .text.SystemInit
                0x0000000008000bf8       0x24 ./Core/Src/system_stm32f4xx.o
                0x0000000008000bf8                SystemInit
 .text.DMA1_Stream2_IRQHandler
                0x0000000008000c1c       0x98 ./Core/Src/LCDrv_f4_spi/lcd_io_spi.o
                0x0000000008000c1c                DMA1_Stream2_IRQHandler
 .text.LCD_IO_Delay
                0x0000000008000cb4       0x22 ./Core/Src/LCDrv_f4_spi/lcd_io_spi.o
                0x0000000008000cb4                LCD_IO_Delay
 *fill*         0x0000000008000cd6        0x2 
 .text.ILI9341_Select
                0x0000000008000cd8       0x18 ./Core/Src/ili9341/ili9341.o
 .text.ILI9341_Unselect
                0x0000000008000cf0       0x18 ./Core/Src/ili9341/ili9341.o
                0x0000000008000cf0                ILI9341_Unselect
 .text.ILI9341_Reset
                0x0000000008000d08       0x28 ./Core/Src/ili9341/ili9341.o
 .text.ILI9341_WriteCommand
                0x0000000008000d30       0x34 ./Core/Src/ili9341/ili9341.o
 .text.ILI9341_WriteData
                0x0000000008000d64       0x5c ./Core/Src/ili9341/ili9341.o
 .text.ILI9341_SetAddressWindow
                0x0000000008000dc0       0x90 ./Core/Src/ili9341/ili9341.o
 .text.ILI9341_Init
                0x0000000008000e50      0x25c ./Core/Src/ili9341/ili9341.o
                0x0000000008000e50                ILI9341_Init
 .text.ILI9341_FillRectangle
                0x00000000080010ac       0xdc ./Core/Src/ili9341/ili9341.o
                0x00000000080010ac                ILI9341_FillRectangle
 .text.ILI9341_FillScreen
                0x0000000008001188       0x24 ./Core/Src/ili9341/ili9341.o
                0x0000000008001188                ILI9341_FillScreen
 .text.Reset_Handler
                0x00000000080011ac       0x50 ./Core/Startup/startup_stm32f411retx.o
                0x00000000080011ac                Reset_Handler
 .text.Default_Handler
                0x00000000080011fc        0x2 ./Core/Startup/startup_stm32f411retx.o
                0x00000000080011fc                RTC_Alarm_IRQHandler
                0x00000000080011fc                EXTI2_IRQHandler
                0x00000000080011fc                SPI4_IRQHandler
                0x00000000080011fc                TIM1_CC_IRQHandler
                0x00000000080011fc                DMA2_Stream5_IRQHandler
                0x00000000080011fc                DMA1_Stream5_IRQHandler
                0x00000000080011fc                PVD_IRQHandler
                0x00000000080011fc                SDIO_IRQHandler
                0x00000000080011fc                TAMP_STAMP_IRQHandler
                0x00000000080011fc                EXTI3_IRQHandler
                0x00000000080011fc                TIM1_UP_TIM10_IRQHandler
                0x00000000080011fc                I2C3_ER_IRQHandler
                0x00000000080011fc                EXTI0_IRQHandler
                0x00000000080011fc                I2C2_EV_IRQHandler
                0x00000000080011fc                FPU_IRQHandler
                0x00000000080011fc                DMA2_Stream2_IRQHandler
                0x00000000080011fc                SPI1_IRQHandler
                0x00000000080011fc                TIM1_BRK_TIM9_IRQHandler
                0x00000000080011fc                DMA2_Stream3_IRQHandler
                0x00000000080011fc                USART6_IRQHandler
                0x00000000080011fc                DMA2_Stream0_IRQHandler
                0x00000000080011fc                TIM4_IRQHandler
                0x00000000080011fc                DMA1_Stream6_IRQHandler
                0x00000000080011fc                DMA1_Stream1_IRQHandler
                0x00000000080011fc                TIM3_IRQHandler
                0x00000000080011fc                RCC_IRQHandler
                0x00000000080011fc                Default_Handler
                0x00000000080011fc                EXTI15_10_IRQHandler
                0x00000000080011fc                ADC_IRQHandler
                0x00000000080011fc                DMA1_Stream7_IRQHandler
                0x00000000080011fc                SPI5_IRQHandler
                0x00000000080011fc                TIM5_IRQHandler
                0x00000000080011fc                DMA2_Stream7_IRQHandler
                0x00000000080011fc                I2C3_EV_IRQHandler
                0x00000000080011fc                EXTI9_5_IRQHandler
                0x00000000080011fc                RTC_WKUP_IRQHandler
                0x00000000080011fc                SPI2_IRQHandler
                0x00000000080011fc                DMA1_Stream0_IRQHandler
                0x00000000080011fc                EXTI4_IRQHandler
                0x00000000080011fc                WWDG_IRQHandler
                0x00000000080011fc                TIM2_IRQHandler
                0x00000000080011fc                OTG_FS_WKUP_IRQHandler
                0x00000000080011fc                TIM1_TRG_COM_TIM11_IRQHandler
                0x00000000080011fc                EXTI1_IRQHandler
                0x00000000080011fc                USART2_IRQHandler
                0x00000000080011fc                I2C2_ER_IRQHandler
                0x00000000080011fc                DMA2_Stream1_IRQHandler
                0x00000000080011fc                FLASH_IRQHandler
                0x00000000080011fc                DMA2_Stream4_IRQHandler
                0x00000000080011fc                USART1_IRQHandler
                0x00000000080011fc                OTG_FS_IRQHandler
                0x00000000080011fc                SPI3_IRQHandler
                0x00000000080011fc                DMA1_Stream4_IRQHandler
                0x00000000080011fc                DMA2_Stream6_IRQHandler
                0x00000000080011fc                DMA1_Stream3_IRQHandler
 *fill*         0x00000000080011fe        0x2 
 .text.HAL_Init
                0x0000000008001200       0x44 ./Drivers/STM32F4xx_HAL_Driver/Src/stm32f4xx_hal.o
                0x0000000008001200                HAL_Init
 .text.HAL_InitTick
                0x0000000008001244       0x60 ./Drivers/STM32F4xx_HAL_Driver/Src/stm32f4xx_hal.o
                0x0000000008001244                HAL_InitTick
 .text.HAL_IncTick
                0x00000000080012a4       0x28 ./Drivers/STM32F4xx_HAL_Driver/Src/stm32f4xx_hal.o
                0x00000000080012a4                HAL_IncTick
 .text.HAL_GetTick
                0x00000000080012cc       0x18 ./Drivers/STM32F4xx_HAL_Driver/Src/stm32f4xx_hal.o
                0x00000000080012cc                HAL_GetTick
 .text.HAL_Delay
                0x00000000080012e4       0x48 ./Drivers/STM32F4xx_HAL_Driver/Src/stm32f4xx_hal.o
                0x00000000080012e4                HAL_Delay
 .text.__NVIC_SetPriorityGrouping
                0x000000000800132c       0x48 ./Drivers/STM32F4xx_HAL_Driver/Src/stm32f4xx_hal_cortex.o
 .text.__NVIC_GetPriorityGrouping
                0x0000000008001374       0x1c ./Drivers/STM32F4xx_HAL_Driver/Src/stm32f4xx_hal_cortex.o
 .text.__NVIC_EnableIRQ
                0x0000000008001390       0x3c ./Drivers/STM32F4xx_HAL_Driver/Src/stm32f4xx_hal_cortex.o
 .text.__NVIC_SetPriority
                0x00000000080013cc       0x54 ./Drivers/STM32F4xx_HAL_Driver/Src/stm32f4xx_hal_cortex.o
 .text.NVIC_EncodePriority
                0x0000000008001420       0x66 ./Drivers/STM32F4xx_HAL_Driver/Src/stm32f4xx_hal_cortex.o
 *fill*         0x0000000008001486        0x2 
 .text.SysTick_Config
                0x0000000008001488       0x44 ./Drivers/STM32F4xx_HAL_Driver/Src/stm32f4xx_hal_cortex.o
 .text.HAL_NVIC_SetPriorityGrouping
                0x00000000080014cc       0x16 ./Drivers/STM32F4xx_HAL_Driver/Src/stm32f4xx_hal_cortex.o
                0x00000000080014cc                HAL_NVIC_SetPriorityGrouping
 .text.HAL_NVIC_SetPriority
                0x00000000080014e2       0x38 ./Drivers/STM32F4xx_HAL_Driver/Src/stm32f4xx_hal_cortex.o
                0x00000000080014e2                HAL_NVIC_SetPriority
 .text.HAL_NVIC_EnableIRQ
                0x000000000800151a       0x1c ./Drivers/STM32F4xx_HAL_Driver/Src/stm32f4xx_hal_cortex.o
                0x000000000800151a                HAL_NVIC_EnableIRQ
 .text.HAL_SYSTICK_Config
                0x0000000008001536       0x18 ./Drivers/STM32F4xx_HAL_Driver/Src/stm32f4xx_hal_cortex.o
                0x0000000008001536                HAL_SYSTICK_Config
 .text.HAL_DMA_Abort_IT
                0x000000000800154e       0x44 ./Drivers/STM32F4xx_HAL_Driver/Src/stm32f4xx_hal_dma.o
                0x000000000800154e                HAL_DMA_Abort_IT
 .text.HAL_DMA_GetState
                0x0000000008001592       0x1c ./Drivers/STM32F4xx_HAL_Driver/Src/stm32f4xx_hal_dma.o
                0x0000000008001592                HAL_DMA_GetState
 *fill*         0x00000000080015ae        0x2 
 .text.HAL_GPIO_Init
                0x00000000080015b0      0x308 ./Drivers/STM32F4xx_HAL_Driver/Src/stm32f4xx_hal_gpio.o
                0x00000000080015b0                HAL_GPIO_Init
 .text.HAL_GPIO_WritePin
                0x00000000080018b8       0x32 ./Drivers/STM32F4xx_HAL_Driver/Src/stm32f4xx_hal_gpio.o
                0x00000000080018b8                HAL_GPIO_WritePin
 .text.HAL_GPIO_TogglePin
                0x00000000080018ea       0x34 ./Drivers/STM32F4xx_HAL_Driver/Src/stm32f4xx_hal_gpio.o
                0x00000000080018ea                HAL_GPIO_TogglePin
 *fill*         0x000000000800191e        0x2 
 .text.HAL_I2C_Init
                0x0000000008001920      0x288 ./Drivers/STM32F4xx_HAL_Driver/Src/stm32f4xx_hal_i2c.o
                0x0000000008001920                HAL_I2C_Init
 .text.HAL_I2C_Mem_Read
                0x0000000008001ba8      0x44c ./Drivers/STM32F4xx_HAL_Driver/Src/stm32f4xx_hal_i2c.o
                0x0000000008001ba8                HAL_I2C_Mem_Read
 .text.HAL_I2C_EV_IRQHandler
                0x0000000008001ff4      0x2e2 ./Drivers/STM32F4xx_HAL_Driver/Src/stm32f4xx_hal_i2c.o
                0x0000000008001ff4                HAL_I2C_EV_IRQHandler
 .text.HAL_I2C_ER_IRQHandler
                0x00000000080022d6      0x14e ./Drivers/STM32F4xx_HAL_Driver/Src/stm32f4xx_hal_i2c.o
                0x00000000080022d6                HAL_I2C_ER_IRQHandler
 .text.HAL_I2C_MasterTxCpltCallback
                0x0000000008002424       0x14 ./Drivers/STM32F4xx_HAL_Driver/Src/stm32f4xx_hal_i2c.o
                0x0000000008002424                HAL_I2C_MasterTxCpltCallback
 .text.HAL_I2C_MasterRxCpltCallback
                0x0000000008002438       0x14 ./Drivers/STM32F4xx_HAL_Driver/Src/stm32f4xx_hal_i2c.o
                0x0000000008002438                HAL_I2C_MasterRxCpltCallback
 .text.HAL_I2C_SlaveTxCpltCallback
                0x000000000800244c       0x14 ./Drivers/STM32F4xx_HAL_Driver/Src/stm32f4xx_hal_i2c.o
                0x000000000800244c                HAL_I2C_SlaveTxCpltCallback
 .text.HAL_I2C_SlaveRxCpltCallback
                0x0000000008002460       0x14 ./Drivers/STM32F4xx_HAL_Driver/Src/stm32f4xx_hal_i2c.o
                0x0000000008002460                HAL_I2C_SlaveRxCpltCallback
 .text.HAL_I2C_AddrCallback
                0x0000000008002474       0x1c ./Drivers/STM32F4xx_HAL_Driver/Src/stm32f4xx_hal_i2c.o
                0x0000000008002474                HAL_I2C_AddrCallback
 .text.HAL_I2C_ListenCpltCallback
                0x0000000008002490       0x14 ./Drivers/STM32F4xx_HAL_Driver/Src/stm32f4xx_hal_i2c.o
                0x0000000008002490                HAL_I2C_ListenCpltCallback
 .text.HAL_I2C_MemTxCpltCallback
                0x00000000080024a4       0x14 ./Drivers/STM32F4xx_HAL_Driver/Src/stm32f4xx_hal_i2c.o
                0x00000000080024a4                HAL_I2C_MemTxCpltCallback
 .text.HAL_I2C_MemRxCpltCallback
                0x00000000080024b8       0x14 ./Drivers/STM32F4xx_HAL_Driver/Src/stm32f4xx_hal_i2c.o
                0x00000000080024b8                HAL_I2C_MemRxCpltCallback
 .text.HAL_I2C_ErrorCallback
                0x00000000080024cc       0x14 ./Drivers/STM32F4xx_HAL_Driver/Src/stm32f4xx_hal_i2c.o
                0x00000000080024cc                HAL_I2C_ErrorCallback
 .text.HAL_I2C_AbortCpltCallback
                0x00000000080024e0       0x14 ./Drivers/STM32F4xx_HAL_Driver/Src/stm32f4xx_hal_i2c.o
                0x00000000080024e0                HAL_I2C_AbortCpltCallback
 .text.I2C_MasterTransmit_TXE
                0x00000000080024f4      0x138 ./Drivers/STM32F4xx_HAL_Driver/Src/stm32f4xx_hal_i2c.o
 .text.I2C_MasterTransmit_BTF
                0x000000000800262c       0xec ./Drivers/STM32F4xx_HAL_Driver/Src/stm32f4xx_hal_i2c.o
 .text.I2C_MemoryTransmit_TXE_BTF
                0x0000000008002718      0x128 ./Drivers/STM32F4xx_HAL_Driver/Src/stm32f4xx_hal_i2c.o
 .text.I2C_MasterReceive_RXNE
                0x0000000008002840      0x176 ./Drivers/STM32F4xx_HAL_Driver/Src/stm32f4xx_hal_i2c.o
 .text.I2C_MasterReceive_BTF
                0x00000000080029b6      0x1d4 ./Drivers/STM32F4xx_HAL_Driver/Src/stm32f4xx_hal_i2c.o
 .text.I2C_Master_SB
                0x0000000008002b8a      0x10c ./Drivers/STM32F4xx_HAL_Driver/Src/stm32f4xx_hal_i2c.o
 .text.I2C_Master_ADD10
                0x0000000008002c96       0x54 ./Drivers/STM32F4xx_HAL_Driver/Src/stm32f4xx_hal_i2c.o
 .text.I2C_Master_ADDR
                0x0000000008002cea      0x322 ./Drivers/STM32F4xx_HAL_Driver/Src/stm32f4xx_hal_i2c.o
 .text.I2C_SlaveTransmit_TXE
                0x000000000800300c       0x7a ./Drivers/STM32F4xx_HAL_Driver/Src/stm32f4xx_hal_i2c.o
 .text.I2C_SlaveTransmit_BTF
                0x0000000008003086       0x42 ./Drivers/STM32F4xx_HAL_Driver/Src/stm32f4xx_hal_i2c.o
 .text.I2C_SlaveReceive_RXNE
                0x00000000080030c8       0x7c ./Drivers/STM32F4xx_HAL_Driver/Src/stm32f4xx_hal_i2c.o
 .text.I2C_SlaveReceive_BTF
                0x0000000008003144       0x44 ./Drivers/STM32F4xx_HAL_Driver/Src/stm32f4xx_hal_i2c.o
 .text.I2C_Slave_ADDR
                0x0000000008003188       0x94 ./Drivers/STM32F4xx_HAL_Driver/Src/stm32f4xx_hal_i2c.o
 .text.I2C_Slave_STOPF
                0x000000000800321c      0x260 ./Drivers/STM32F4xx_HAL_Driver/Src/stm32f4xx_hal_i2c.o
 .text.I2C_Slave_AF
                0x000000000800347c       0xe0 ./Drivers/STM32F4xx_HAL_Driver/Src/stm32f4xx_hal_i2c.o
 .text.I2C_ITError
                0x000000000800355c      0x264 ./Drivers/STM32F4xx_HAL_Driver/Src/stm32f4xx_hal_i2c.o
 .text.I2C_RequestMemoryRead
                0x00000000080037c0      0x1d0 ./Drivers/STM32F4xx_HAL_Driver/Src/stm32f4xx_hal_i2c.o
 .text.I2C_DMAAbort
                0x0000000008003990      0x150 ./Drivers/STM32F4xx_HAL_Driver/Src/stm32f4xx_hal_i2c.o
 .text.I2C_WaitOnFlagUntilTimeout
                0x0000000008003ae0       0xae ./Drivers/STM32F4xx_HAL_Driver/Src/stm32f4xx_hal_i2c.o
 .text.I2C_WaitOnMasterAddressFlagUntilTimeout
                0x0000000008003b8e       0xfe ./Drivers/STM32F4xx_HAL_Driver/Src/stm32f4xx_hal_i2c.o
 .text.I2C_WaitOnTXEFlagUntilTimeout
                0x0000000008003c8c       0x82 ./Drivers/STM32F4xx_HAL_Driver/Src/stm32f4xx_hal_i2c.o
 *fill*         0x0000000008003d0e        0x2 
 .text.I2C_WaitOnSTOPRequestThroughIT
                0x0000000008003d10       0x64 ./Drivers/STM32F4xx_HAL_Driver/Src/stm32f4xx_hal_i2c.o
 .text.I2C_WaitOnRXNEFlagUntilTimeout
                0x0000000008003d74       0xac ./Drivers/STM32F4xx_HAL_Driver/Src/stm32f4xx_hal_i2c.o
 .text.I2C_IsAcknowledgeFailed
                0x0000000008003e20       0x5e ./Drivers/STM32F4xx_HAL_Driver/Src/stm32f4xx_hal_i2c.o
 .text.I2C_ConvertOtherXferOptions
                0x0000000008003e7e       0x36 ./Drivers/STM32F4xx_HAL_Driver/Src/stm32f4xx_hal_i2c.o
 .text.HAL_RCC_OscConfig
                0x0000000008003eb4      0x4f0 ./Drivers/STM32F4xx_HAL_Driver/Src/stm32f4xx_hal_rcc.o
                0x0000000008003eb4                HAL_RCC_OscConfig
 .text.HAL_RCC_ClockConfig
                0x00000000080043a4      0x1cc ./Drivers/STM32F4xx_HAL_Driver/Src/stm32f4xx_hal_rcc.o
                0x00000000080043a4                HAL_RCC_ClockConfig
 .text.HAL_RCC_GetSysClockFreq
                0x0000000008004570      0x20c ./Drivers/STM32F4xx_HAL_Driver/Src/stm32f4xx_hal_rcc.o
                0x0000000008004570                HAL_RCC_GetSysClockFreq
 .text.HAL_RCC_GetHCLKFreq
                0x000000000800477c       0x18 ./Drivers/STM32F4xx_HAL_Driver/Src/stm32f4xx_hal_rcc.o
                0x000000000800477c                HAL_RCC_GetHCLKFreq
 .text.HAL_RCC_GetPCLK1Freq
                0x0000000008004794       0x28 ./Drivers/STM32F4xx_HAL_Driver/Src/stm32f4xx_hal_rcc.o
                0x0000000008004794                HAL_RCC_GetPCLK1Freq
 .text.HAL_RCC_GetPCLK2Freq
                0x00000000080047bc       0x28 ./Drivers/STM32F4xx_HAL_Driver/Src/stm32f4xx_hal_rcc.o
                0x00000000080047bc                HAL_RCC_GetPCLK2Freq
 .text.HAL_SPI_Init
                0x00000000080047e4      0x112 ./Drivers/STM32F4xx_HAL_Driver/Src/stm32f4xx_hal_spi.o
                0x00000000080047e4                HAL_SPI_Init
 .text.HAL_SPI_Transmit
                0x00000000080048f6      0x278 ./Drivers/STM32F4xx_HAL_Driver/Src/stm32f4xx_hal_spi.o
                0x00000000080048f6                HAL_SPI_Transmit
 *fill*         0x0000000008004b6e        0x2 
 .text.SPI_WaitFlagStateUntilTimeout
                0x0000000008004b70      0x110 ./Drivers/STM32F4xx_HAL_Driver/Src/stm32f4xx_hal_spi.o
 .text.SPI_EndRxTxTransaction
                0x0000000008004c80       0x84 ./Drivers/STM32F4xx_HAL_Driver/Src/stm32f4xx_hal_spi.o
 .text.HAL_UART_Init
                0x0000000008004d04       0x9a ./Drivers/STM32F4xx_HAL_Driver/Src/stm32f4xx_hal_uart.o
                0x0000000008004d04                HAL_UART_Init
 *fill*         0x0000000008004d9e        0x2 
 .text.UART_SetConfig
                0x0000000008004da0      0x4e8 ./Drivers/STM32F4xx_HAL_Driver/Src/stm32f4xx_hal_uart.o
 .text.__libc_init_array
                0x0000000008005288       0x48 c:/st/stm32cubeide_1.8.0/stm32cubeide/plugins/com.st.stm32cube.ide.mcu.externaltools.gnu-tools-for-stm32.10.3-2021.10.win32_1.0.0.202111181127/tools/bin/../lib/gcc/arm-none-eabi/10.3.1/../../../../arm-none-eabi/lib/thumb/v7e-m+fp/hard\libc_nano.a(lib_a-init.o)
                0x0000000008005288                __libc_init_array
 .text.memset   0x00000000080052d0       0x10 c:/st/stm32cubeide_1.8.0/stm32cubeide/plugins/com.st.stm32cube.ide.mcu.externaltools.gnu-tools-for-stm32.10.3-2021.10.win32_1.0.0.202111181127/tools/bin/../lib/gcc/arm-none-eabi/10.3.1/../../../../arm-none-eabi/lib/thumb/v7e-m+fp/hard\libc_nano.a(lib_a-memset.o)
                0x00000000080052d0                memset
 *(.glue_7)
 .glue_7        0x00000000080052e0        0x0 linker stubs
 *(.glue_7t)
 .glue_7t       0x00000000080052e0        0x0 linker stubs
 *(.eh_frame)
 .eh_frame      0x00000000080052e0        0x0 c:/st/stm32cubeide_1.8.0/stm32cubeide/plugins/com.st.stm32cube.ide.mcu.externaltools.gnu-tools-for-stm32.10.3-2021.10.win32_1.0.0.202111181127/tools/bin/../lib/gcc/arm-none-eabi/10.3.1/thumb/v7e-m+fp/hard/crtbegin.o
 *(.init)
 .init          0x00000000080052e0        0x4 c:/st/stm32cubeide_1.8.0/stm32cubeide/plugins/com.st.stm32cube.ide.mcu.externaltools.gnu-tools-for-stm32.10.3-2021.10.win32_1.0.0.202111181127/tools/bin/../lib/gcc/arm-none-eabi/10.3.1/thumb/v7e-m+fp/hard/crti.o
                0x00000000080052e0                _init
 .init          0x00000000080052e4        0x8 c:/st/stm32cubeide_1.8.0/stm32cubeide/plugins/com.st.stm32cube.ide.mcu.externaltools.gnu-tools-for-stm32.10.3-2021.10.win32_1.0.0.202111181127/tools/bin/../lib/gcc/arm-none-eabi/10.3.1/thumb/v7e-m+fp/hard/crtn.o
 *(.fini)
 .fini          0x00000000080052ec        0x4 c:/st/stm32cubeide_1.8.0/stm32cubeide/plugins/com.st.stm32cube.ide.mcu.externaltools.gnu-tools-for-stm32.10.3-2021.10.win32_1.0.0.202111181127/tools/bin/../lib/gcc/arm-none-eabi/10.3.1/thumb/v7e-m+fp/hard/crti.o
                0x00000000080052ec                _fini
 .fini          0x00000000080052f0        0x8 c:/st/stm32cubeide_1.8.0/stm32cubeide/plugins/com.st.stm32cube.ide.mcu.externaltools.gnu-tools-for-stm32.10.3-2021.10.win32_1.0.0.202111181127/tools/bin/../lib/gcc/arm-none-eabi/10.3.1/thumb/v7e-m+fp/hard/crtn.o
                0x00000000080052f8                . = ALIGN (0x4)
                0x00000000080052f8                _etext = .

.vfp11_veneer   0x00000000080052f8        0x0
 .vfp11_veneer  0x00000000080052f8        0x0 linker stubs

.v4_bx          0x00000000080052f8        0x0
 .v4_bx         0x00000000080052f8        0x0 linker stubs

.iplt           0x00000000080052f8        0x0
 .iplt          0x00000000080052f8        0x0 c:/st/stm32cubeide_1.8.0/stm32cubeide/plugins/com.st.stm32cube.ide.mcu.externaltools.gnu-tools-for-stm32.10.3-2021.10.win32_1.0.0.202111181127/tools/bin/../lib/gcc/arm-none-eabi/10.3.1/thumb/v7e-m+fp/hard/crtbegin.o

.rodata         0x00000000080052f8       0x4c
                0x00000000080052f8                . = ALIGN (0x4)
 *(.rodata)
 .rodata        0x00000000080052f8       0x33 ./Core/Src/ili9341/ili9341.o
 *(.rodata*)
 *fill*         0x000000000800532b        0x1 
 .rodata.AHBPrescTable
                0x000000000800532c       0x10 ./Core/Src/system_stm32f4xx.o
                0x000000000800532c                AHBPrescTable
 .rodata.APBPrescTable
                0x000000000800533c        0x8 ./Core/Src/system_stm32f4xx.o
                0x000000000800533c                APBPrescTable
                0x0000000008005344                . = ALIGN (0x4)

.ARM.extab      0x0000000008005344        0x0
                0x0000000008005344                . = ALIGN (0x4)
 *(.ARM.extab* .gnu.linkonce.armextab.*)
                0x0000000008005344                . = ALIGN (0x4)

.ARM            0x0000000008005344        0x8
                0x0000000008005344                . = ALIGN (0x4)
                0x0000000008005344                __exidx_start = .
 *(.ARM.exidx*)
 .ARM.exidx     0x0000000008005344        0x8 c:/st/stm32cubeide_1.8.0/stm32cubeide/plugins/com.st.stm32cube.ide.mcu.externaltools.gnu-tools-for-stm32.10.3-2021.10.win32_1.0.0.202111181127/tools/bin/../lib/gcc/arm-none-eabi/10.3.1/thumb/v7e-m+fp/hard\libgcc.a(_udivmoddi4.o)
                0x000000000800534c                __exidx_end = .
                0x000000000800534c                . = ALIGN (0x4)

.rel.dyn        0x000000000800534c        0x0
 .rel.iplt      0x000000000800534c        0x0 c:/st/stm32cubeide_1.8.0/stm32cubeide/plugins/com.st.stm32cube.ide.mcu.externaltools.gnu-tools-for-stm32.10.3-2021.10.win32_1.0.0.202111181127/tools/bin/../lib/gcc/arm-none-eabi/10.3.1/thumb/v7e-m+fp/hard/crtbegin.o

.preinit_array  0x000000000800534c        0x0
                0x000000000800534c                . = ALIGN (0x4)
                0x000000000800534c                PROVIDE (__preinit_array_start = .)
 *(.preinit_array*)
                0x000000000800534c                PROVIDE (__preinit_array_end = .)
                0x000000000800534c                . = ALIGN (0x4)

.init_array     0x000000000800534c        0x4
                0x000000000800534c                . = ALIGN (0x4)
                0x000000000800534c                PROVIDE (__init_array_start = .)
 *(SORT_BY_NAME(.init_array.*))
 *(.init_array*)
 .init_array    0x000000000800534c        0x4 c:/st/stm32cubeide_1.8.0/stm32cubeide/plugins/com.st.stm32cube.ide.mcu.externaltools.gnu-tools-for-stm32.10.3-2021.10.win32_1.0.0.202111181127/tools/bin/../lib/gcc/arm-none-eabi/10.3.1/thumb/v7e-m+fp/hard/crtbegin.o
                0x0000000008005350                PROVIDE (__init_array_end = .)
                0x0000000008005350                . = ALIGN (0x4)

.fini_array     0x0000000008005350        0x4
                0x0000000008005350                . = ALIGN (0x4)
                [!provide]                        PROVIDE (__fini_array_start = .)
 *(SORT_BY_NAME(.fini_array.*))
 *(.fini_array*)
 .fini_array    0x0000000008005350        0x4 c:/st/stm32cubeide_1.8.0/stm32cubeide/plugins/com.st.stm32cube.ide.mcu.externaltools.gnu-tools-for-stm32.10.3-2021.10.win32_1.0.0.202111181127/tools/bin/../lib/gcc/arm-none-eabi/10.3.1/thumb/v7e-m+fp/hard/crtbegin.o
                [!provide]                        PROVIDE (__fini_array_end = .)
                0x0000000008005354                . = ALIGN (0x4)
                0x0000000008005354                _sidata = LOADADDR (.data)

.data           0x0000000020000000        0xc load address 0x0000000008005354
                0x0000000020000000                . = ALIGN (0x4)
                0x0000000020000000                _sdata = .
 *(.data)
 *(.data*)
 .data.SystemCoreClock
                0x0000000020000000        0x4 ./Core/Src/system_stm32f4xx.o
                0x0000000020000000                SystemCoreClock
 .data.uwTickPrio
                0x0000000020000004        0x4 ./Drivers/STM32F4xx_HAL_Driver/Src/stm32f4xx_hal.o
                0x0000000020000004                uwTickPrio
 .data.uwTickFreq
                0x0000000020000008        0x1 ./Drivers/STM32F4xx_HAL_Driver/Src/stm32f4xx_hal.o
                0x0000000020000008                uwTickFreq
 *(.RamFunc)
 *(.RamFunc*)
                0x000000002000000c                . = ALIGN (0x4)
 *fill*         0x0000000020000009        0x3 
                0x000000002000000c                _edata = .

.igot.plt       0x000000002000000c        0x0 load address 0x0000000008005360
 .igot.plt      0x000000002000000c        0x0 c:/st/stm32cubeide_1.8.0/stm32cubeide/plugins/com.st.stm32cube.ide.mcu.externaltools.gnu-tools-for-stm32.10.3-2021.10.win32_1.0.0.202111181127/tools/bin/../lib/gcc/arm-none-eabi/10.3.1/thumb/v7e-m+fp/hard/crtbegin.o
                0x000000002000000c                . = ALIGN (0x4)

.bss            0x000000002000000c      0x134 load address 0x0000000008005360
                0x000000002000000c                _sbss = .
                0x000000002000000c                __bss_start__ = _sbss
 *(.bss)
 .bss           0x000000002000000c       0x1c c:/st/stm32cubeide_1.8.0/stm32cubeide/plugins/com.st.stm32cube.ide.mcu.externaltools.gnu-tools-for-stm32.10.3-2021.10.win32_1.0.0.202111181127/tools/bin/../lib/gcc/arm-none-eabi/10.3.1/thumb/v7e-m+fp/hard/crtbegin.o
 *(.bss*)
 .bss.INACBffr  0x0000000020000028        0x4 ./Core/Src/INA219.o
                0x0000000020000028                INACBffr
 .bss.hi2c1     0x000000002000002c       0x54 ./Core/Src/main.o
                0x000000002000002c                hi2c1
 .bss.hspi2     0x0000000020000080       0x58 ./Core/Src/main.o
                0x0000000020000080                hspi2
 .bss.huart2    0x00000000200000d8       0x44 ./Core/Src/main.o
                0x00000000200000d8                huart2
 .bss.INATT     0x000000002000011c        0xc ./Core/Src/main.o
                0x000000002000011c                INATT
 .bss.inata     0x0000000020000128        0xc ./Core/Src/main.o
                0x0000000020000128                inata
 .bss.timestamp_one
                0x0000000020000134        0x4 ./Core/Src/main.o
                0x0000000020000134                timestamp_one
 .bss.LCD_IO_DmaTransferStatus
                0x0000000020000138        0x4 ./Core/Src/LCDrv_f4_spi/lcd_io_spi.o
                0x0000000020000138                LCD_IO_DmaTransferStatus
 .bss.uwTick    0x000000002000013c        0x4 ./Drivers/STM32F4xx_HAL_Driver/Src/stm32f4xx_hal.o
                0x000000002000013c                uwTick
 *(COMMON)
                0x0000000020000140                . = ALIGN (0x4)
                0x0000000020000140                _ebss = .
                0x0000000020000140                __bss_end__ = _ebss

._user_heap_stack
                0x0000000020000140      0x600 load address 0x0000000008005360
                0x0000000020000140                . = ALIGN (0x8)
                [!provide]                        PROVIDE (end = .)
                0x0000000020000140                PROVIDE (_end = .)
                0x0000000020000340                . = (. + _Min_Heap_Size)
 *fill*         0x0000000020000140      0x200 
                0x0000000020000740                . = (. + _Min_Stack_Size)
 *fill*         0x0000000020000340      0x400 
                0x0000000020000740                . = ALIGN (0x8)

/DISCARD/
 libc.a(*)
 libm.a(*)
 libgcc.a(*)

.ARM.attributes
                0x0000000000000000       0x30
 *(.ARM.attributes)
 .ARM.attributes
                0x0000000000000000       0x1e c:/st/stm32cubeide_1.8.0/stm32cubeide/plugins/com.st.stm32cube.ide.mcu.externaltools.gnu-tools-for-stm32.10.3-2021.10.win32_1.0.0.202111181127/tools/bin/../lib/gcc/arm-none-eabi/10.3.1/thumb/v7e-m+fp/hard/crti.o
 .ARM.attributes
                0x000000000000001e       0x34 c:/st/stm32cubeide_1.8.0/stm32cubeide/plugins/com.st.stm32cube.ide.mcu.externaltools.gnu-tools-for-stm32.10.3-2021.10.win32_1.0.0.202111181127/tools/bin/../lib/gcc/arm-none-eabi/10.3.1/thumb/v7e-m+fp/hard/crtbegin.o
 .ARM.attributes
                0x0000000000000052       0x34 ./Core/Src/INA219.o
 .ARM.attributes
                0x0000000000000086       0x34 ./Core/Src/main.o
 .ARM.attributes
                0x00000000000000ba       0x34 ./Core/Src/stm32f4xx_hal_msp.o
 .ARM.attributes
                0x00000000000000ee       0x34 ./Core/Src/stm32f4xx_it.o
 .ARM.attributes
                0x0000000000000122       0x34 ./Core/Src/system_stm32f4xx.o
 .ARM.attributes
                0x0000000000000156       0x34 ./Core/Src/LCDrv_f4_spi/lcd_io_spi.o
 .ARM.attributes
                0x000000000000018a       0x34 ./Core/Src/ili9341/ili9341.o
 .ARM.attributes
                0x00000000000001be       0x21 ./Core/Startup/startup_stm32f411retx.o
 .ARM.attributes
                0x00000000000001df       0x34 ./Drivers/STM32F4xx_HAL_Driver/Src/stm32f4xx_hal.o
 .ARM.attributes
                0x0000000000000213       0x34 ./Drivers/STM32F4xx_HAL_Driver/Src/stm32f4xx_hal_cortex.o
 .ARM.attributes
                0x0000000000000247       0x34 ./Drivers/STM32F4xx_HAL_Driver/Src/stm32f4xx_hal_dma.o
 .ARM.attributes
                0x000000000000027b       0x34 ./Drivers/STM32F4xx_HAL_Driver/Src/stm32f4xx_hal_gpio.o
 .ARM.attributes
                0x00000000000002af       0x34 ./Drivers/STM32F4xx_HAL_Driver/Src/stm32f4xx_hal_i2c.o
 .ARM.attributes
                0x00000000000002e3       0x34 ./Drivers/STM32F4xx_HAL_Driver/Src/stm32f4xx_hal_rcc.o
 .ARM.attributes
                0x0000000000000317       0x34 ./Drivers/STM32F4xx_HAL_Driver/Src/stm32f4xx_hal_spi.o
 .ARM.attributes
                0x000000000000034b       0x34 ./Drivers/STM32F4xx_HAL_Driver/Src/stm32f4xx_hal_uart.o
 .ARM.attributes
                0x000000000000037f       0x34 c:/st/stm32cubeide_1.8.0/stm32cubeide/plugins/com.st.stm32cube.ide.mcu.externaltools.gnu-tools-for-stm32.10.3-2021.10.win32_1.0.0.202111181127/tools/bin/../lib/gcc/arm-none-eabi/10.3.1/../../../../arm-none-eabi/lib/thumb/v7e-m+fp/hard\libc_nano.a(lib_a-init.o)
 .ARM.attributes
                0x00000000000003b3       0x34 c:/st/stm32cubeide_1.8.0/stm32cubeide/plugins/com.st.stm32cube.ide.mcu.externaltools.gnu-tools-for-stm32.10.3-2021.10.win32_1.0.0.202111181127/tools/bin/../lib/gcc/arm-none-eabi/10.3.1/../../../../arm-none-eabi/lib/thumb/v7e-m+fp/hard\libc_nano.a(lib_a-memset.o)
 .ARM.attributes
                0x00000000000003e7       0x1e c:/st/stm32cubeide_1.8.0/stm32cubeide/plugins/com.st.stm32cube.ide.mcu.externaltools.gnu-tools-for-stm32.10.3-2021.10.win32_1.0.0.202111181127/tools/bin/../lib/gcc/arm-none-eabi/10.3.1/thumb/v7e-m+fp/hard\libgcc.a(_aeabi_uldivmod.o)
 .ARM.attributes
                0x0000000000000405       0x34 c:/st/stm32cubeide_1.8.0/stm32cubeide/plugins/com.st.stm32cube.ide.mcu.externaltools.gnu-tools-for-stm32.10.3-2021.10.win32_1.0.0.202111181127/tools/bin/../lib/gcc/arm-none-eabi/10.3.1/thumb/v7e-m+fp/hard\libgcc.a(_udivmoddi4.o)
 .ARM.attributes
                0x0000000000000439       0x1e c:/st/stm32cubeide_1.8.0/stm32cubeide/plugins/com.st.stm32cube.ide.mcu.externaltools.gnu-tools-for-stm32.10.3-2021.10.win32_1.0.0.202111181127/tools/bin/../lib/gcc/arm-none-eabi/10.3.1/thumb/v7e-m+fp/hard\libgcc.a(_dvmd_tls.o)
 .ARM.attributes
                0x0000000000000457       0x1e c:/st/stm32cubeide_1.8.0/stm32cubeide/plugins/com.st.stm32cube.ide.mcu.externaltools.gnu-tools-for-stm32.10.3-2021.10.win32_1.0.0.202111181127/tools/bin/../lib/gcc/arm-none-eabi/10.3.1/thumb/v7e-m+fp/hard/crtn.o
OUTPUT(F411_Verita_Master.elf elf32-littlearm)
LOAD linker stubs
LOAD c:/st/stm32cubeide_1.8.0/stm32cubeide/plugins/com.st.stm32cube.ide.mcu.externaltools.gnu-tools-for-stm32.10.3-2021.10.win32_1.0.0.202111181127/tools/bin/../lib/gcc/arm-none-eabi/10.3.1/../../../../arm-none-eabi/lib/thumb/v7e-m+fp/hard\libc.a
LOAD c:/st/stm32cubeide_1.8.0/stm32cubeide/plugins/com.st.stm32cube.ide.mcu.externaltools.gnu-tools-for-stm32.10.3-2021.10.win32_1.0.0.202111181127/tools/bin/../lib/gcc/arm-none-eabi/10.3.1/../../../../arm-none-eabi/lib/thumb/v7e-m+fp/hard\libm.a
LOAD c:/st/stm32cubeide_1.8.0/stm32cubeide/plugins/com.st.stm32cube.ide.mcu.externaltools.gnu-tools-for-stm32.10.3-2021.10.win32_1.0.0.202111181127/tools/bin/../lib/gcc/arm-none-eabi/10.3.1/thumb/v7e-m+fp/hard\libgcc.a

.debug_info     0x0000000000000000     0xf9c6
 .debug_info    0x0000000000000000      0x6fd ./Core/Src/INA219.o
 .debug_info    0x00000000000006fd     0x1400 ./Core/Src/main.o
 .debug_info    0x0000000000001afd     0x120a ./Core/Src/stm32f4xx_hal_msp.o
 .debug_info    0x0000000000002d07      0x6fe ./Core/Src/stm32f4xx_it.o
 .debug_info    0x0000000000003405      0x54f ./Core/Src/system_stm32f4xx.o
 .debug_info    0x0000000000003954     0x1223 ./Core/Src/LCDrv_f4_spi/lcd_io_spi.o
 .debug_info    0x0000000000004b77      0xe20 ./Core/Src/ili9341/ili9341.o
 .debug_info    0x0000000000005997       0x22 ./Core/Startup/startup_stm32f411retx.o
 .debug_info    0x00000000000059b9      0x90d ./Drivers/STM32F4xx_HAL_Driver/Src/stm32f4xx_hal.o
 .debug_info    0x00000000000062c6      0xd8b ./Drivers/STM32F4xx_HAL_Driver/Src/stm32f4xx_hal_cortex.o
 .debug_info    0x0000000000007051      0x947 ./Drivers/STM32F4xx_HAL_Driver/Src/stm32f4xx_hal_dma.o
 .debug_info    0x0000000000007998      0x78e ./Drivers/STM32F4xx_HAL_Driver/Src/stm32f4xx_hal_gpio.o
 .debug_info    0x0000000000008126     0x260f ./Drivers/STM32F4xx_HAL_Driver/Src/stm32f4xx_hal_i2c.o
 .debug_info    0x000000000000a735      0x98d ./Drivers/STM32F4xx_HAL_Driver/Src/stm32f4xx_hal_rcc.o
 .debug_info    0x000000000000b0c2     0x1750 ./Drivers/STM32F4xx_HAL_Driver/Src/stm32f4xx_hal_spi.o
 .debug_info    0x000000000000c812     0x31b4 ./Drivers/STM32F4xx_HAL_Driver/Src/stm32f4xx_hal_uart.o

.debug_abbrev   0x0000000000000000     0x21d2
 .debug_abbrev  0x0000000000000000      0x188 ./Core/Src/INA219.o
 .debug_abbrev  0x0000000000000188      0x305 ./Core/Src/main.o
 .debug_abbrev  0x000000000000048d      0x1e6 ./Core/Src/stm32f4xx_hal_msp.o
 .debug_abbrev  0x0000000000000673      0x170 ./Core/Src/stm32f4xx_it.o
 .debug_abbrev  0x00000000000007e3      0x116 ./Core/Src/system_stm32f4xx.o
 .debug_abbrev  0x00000000000008f9      0x26b ./Core/Src/LCDrv_f4_spi/lcd_io_spi.o
 .debug_abbrev  0x0000000000000b64      0x264 ./Core/Src/ili9341/ili9341.o
 .debug_abbrev  0x0000000000000dc8       0x12 ./Core/Startup/startup_stm32f411retx.o
 .debug_abbrev  0x0000000000000dda      0x23e ./Drivers/STM32F4xx_HAL_Driver/Src/stm32f4xx_hal.o
 .debug_abbrev  0x0000000000001018      0x316 ./Drivers/STM32F4xx_HAL_Driver/Src/stm32f4xx_hal_cortex.o
 .debug_abbrev  0x000000000000132e      0x21b ./Drivers/STM32F4xx_HAL_Driver/Src/stm32f4xx_hal_dma.o
 .debug_abbrev  0x0000000000001549      0x1c4 ./Drivers/STM32F4xx_HAL_Driver/Src/stm32f4xx_hal_gpio.o
 .debug_abbrev  0x000000000000170d      0x2a8 ./Drivers/STM32F4xx_HAL_Driver/Src/stm32f4xx_hal_i2c.o
 .debug_abbrev  0x00000000000019b5      0x2aa ./Drivers/STM32F4xx_HAL_Driver/Src/stm32f4xx_hal_rcc.o
 .debug_abbrev  0x0000000000001c5f      0x26e ./Drivers/STM32F4xx_HAL_Driver/Src/stm32f4xx_hal_spi.o
 .debug_abbrev  0x0000000000001ecd      0x305 ./Drivers/STM32F4xx_HAL_Driver/Src/stm32f4xx_hal_uart.o

.debug_aranges  0x0000000000000000      0xd38
 .debug_aranges
                0x0000000000000000       0x20 ./Core/Src/INA219.o
 .debug_aranges
                0x0000000000000020       0x50 ./Core/Src/main.o
 .debug_aranges
                0x0000000000000070       0x50 ./Core/Src/stm32f4xx_hal_msp.o
 .debug_aranges
                0x00000000000000c0       0x70 ./Core/Src/stm32f4xx_it.o
 .debug_aranges
                0x0000000000000130       0x28 ./Core/Src/system_stm32f4xx.o
 .debug_aranges
                0x0000000000000158      0x148 ./Core/Src/LCDrv_f4_spi/lcd_io_spi.o
 .debug_aranges
                0x00000000000002a0       0x88 ./Core/Src/ili9341/ili9341.o
 .debug_aranges
                0x0000000000000328       0x28 ./Core/Startup/startup_stm32f411retx.o
 .debug_aranges
                0x0000000000000350       0xf0 ./Drivers/STM32F4xx_HAL_Driver/Src/stm32f4xx_hal.o
 .debug_aranges
                0x0000000000000440      0x118 ./Drivers/STM32F4xx_HAL_Driver/Src/stm32f4xx_hal_cortex.o
 .debug_aranges
                0x0000000000000558       0x90 ./Drivers/STM32F4xx_HAL_Driver/Src/stm32f4xx_hal_dma.o
 .debug_aranges
                0x00000000000005e8       0x58 ./Drivers/STM32F4xx_HAL_Driver/Src/stm32f4xx_hal_gpio.o
 .debug_aranges
                0x0000000000000640      0x2a0 ./Drivers/STM32F4xx_HAL_Driver/Src/stm32f4xx_hal_i2c.o
 .debug_aranges
                0x00000000000008e0       0x88 ./Drivers/STM32F4xx_HAL_Driver/Src/stm32f4xx_hal_rcc.o
 .debug_aranges
                0x0000000000000968      0x1d0 ./Drivers/STM32F4xx_HAL_Driver/Src/stm32f4xx_hal_spi.o
 .debug_aranges
                0x0000000000000b38      0x200 ./Drivers/STM32F4xx_HAL_Driver/Src/stm32f4xx_hal_uart.o

.debug_ranges   0x0000000000000000      0xc88
 .debug_ranges  0x0000000000000000       0x10 ./Core/Src/INA219.o
 .debug_ranges  0x0000000000000010       0x40 ./Core/Src/main.o
 .debug_ranges  0x0000000000000050       0x40 ./Core/Src/stm32f4xx_hal_msp.o
 .debug_ranges  0x0000000000000090       0x60 ./Core/Src/stm32f4xx_it.o
 .debug_ranges  0x00000000000000f0       0x18 ./Core/Src/system_stm32f4xx.o
 .debug_ranges  0x0000000000000108      0x138 ./Core/Src/LCDrv_f4_spi/lcd_io_spi.o
 .debug_ranges  0x0000000000000240       0x78 ./Core/Src/ili9341/ili9341.o
 .debug_ranges  0x00000000000002b8       0x20 ./Core/Startup/startup_stm32f411retx.o
 .debug_ranges  0x00000000000002d8       0xe0 ./Drivers/STM32F4xx_HAL_Driver/Src/stm32f4xx_hal.o
 .debug_ranges  0x00000000000003b8      0x108 ./Drivers/STM32F4xx_HAL_Driver/Src/stm32f4xx_hal_cortex.o
 .debug_ranges  0x00000000000004c0       0x80 ./Drivers/STM32F4xx_HAL_Driver/Src/stm32f4xx_hal_dma.o
 .debug_ranges  0x0000000000000540       0x48 ./Drivers/STM32F4xx_HAL_Driver/Src/stm32f4xx_hal_gpio.o
 .debug_ranges  0x0000000000000588      0x2a8 ./Drivers/STM32F4xx_HAL_Driver/Src/stm32f4xx_hal_i2c.o
 .debug_ranges  0x0000000000000830       0x78 ./Drivers/STM32F4xx_HAL_Driver/Src/stm32f4xx_hal_rcc.o
 .debug_ranges  0x00000000000008a8      0x1c0 ./Drivers/STM32F4xx_HAL_Driver/Src/stm32f4xx_hal_spi.o
 .debug_ranges  0x0000000000000a68      0x220 ./Drivers/STM32F4xx_HAL_Driver/Src/stm32f4xx_hal_uart.o

.debug_macro    0x0000000000000000    0x16c47
 .debug_macro   0x0000000000000000      0x1ec ./Core/Src/INA219.o
 .debug_macro   0x00000000000001ec      0xa78 ./Core/Src/INA219.o
 .debug_macro   0x0000000000000c64      0x2a1 ./Core/Src/INA219.o
 .debug_macro   0x0000000000000f05       0x2e ./Core/Src/INA219.o
 .debug_macro   0x0000000000000f33       0x28 ./Core/Src/INA219.o
 .debug_macro   0x0000000000000f5b       0x22 ./Core/Src/INA219.o
 .debug_macro   0x0000000000000f7d       0x8e ./Core/Src/INA219.o
 .debug_macro   0x000000000000100b       0x51 ./Core/Src/INA219.o
 .debug_macro   0x000000000000105c      0x103 ./Core/Src/INA219.o
 .debug_macro   0x000000000000115f       0x6a ./Core/Src/INA219.o
 .debug_macro   0x00000000000011c9      0x1df ./Core/Src/INA219.o
 .debug_macro   0x00000000000013a8       0x1c ./Core/Src/INA219.o
 .debug_macro   0x00000000000013c4       0x22 ./Core/Src/INA219.o
 .debug_macro   0x00000000000013e6       0xd9 ./Core/Src/INA219.o
 .debug_macro   0x00000000000014bf     0x102d ./Core/Src/INA219.o
 .debug_macro   0x00000000000024ec      0x11f ./Core/Src/INA219.o
 .debug_macro   0x000000000000260b     0xb953 ./Core/Src/INA219.o
 .debug_macro   0x000000000000df5e       0x6d ./Core/Src/INA219.o
 .debug_macro   0x000000000000dfcb     0x367e ./Core/Src/INA219.o
 .debug_macro   0x0000000000011649      0x174 ./Core/Src/INA219.o
 .debug_macro   0x00000000000117bd       0x5c ./Core/Src/INA219.o
 .debug_macro   0x0000000000011819      0x447 ./Core/Src/INA219.o
 .debug_macro   0x0000000000011c60      0x9fe ./Core/Src/INA219.o
 .debug_macro   0x000000000001265e      0x115 ./Core/Src/INA219.o
 .debug_macro   0x0000000000012773      0x11b ./Core/Src/INA219.o
 .debug_macro   0x000000000001288e       0xa5 ./Core/Src/INA219.o
 .debug_macro   0x0000000000012933      0x15f ./Core/Src/INA219.o
 .debug_macro   0x0000000000012a92      0x287 ./Core/Src/INA219.o
 .debug_macro   0x0000000000012d19       0x5f ./Core/Src/INA219.o
 .debug_macro   0x0000000000012d78      0x236 ./Core/Src/INA219.o
 .debug_macro   0x0000000000012fae      0x132 ./Core/Src/INA219.o
 .debug_macro   0x00000000000130e0      0x264 ./Core/Src/INA219.o
 .debug_macro   0x0000000000013344       0x2e ./Core/Src/INA219.o
 .debug_macro   0x0000000000013372      0x1b5 ./Core/Src/INA219.o
 .debug_macro   0x0000000000013527       0x22 ./Core/Src/INA219.o
 .debug_macro   0x0000000000013549       0xd6 ./Core/Src/INA219.o
 .debug_macro   0x000000000001361f      0x11a ./Core/Src/INA219.o
 .debug_macro   0x0000000000013739       0x85 ./Core/Src/INA219.o
 .debug_macro   0x00000000000137be       0x89 ./Core/Src/INA219.o
 .debug_macro   0x0000000000013847      0x225 ./Core/Src/INA219.o
 .debug_macro   0x0000000000013a6c      0x295 ./Core/Src/INA219.o
 .debug_macro   0x0000000000013d01      0x126 ./Core/Src/INA219.o
 .debug_macro   0x0000000000013e27       0x34 ./Core/Src/INA219.o
 .debug_macro   0x0000000000013e5b      0x2f6 ./Core/Src/main.o
 .debug_macro   0x0000000000014151       0x70 ./Core/Src/main.o
 .debug_macro   0x00000000000141c1       0x52 ./Core/Src/main.o
 .debug_macro   0x0000000000014213       0x1e ./Core/Src/main.o
 .debug_macro   0x0000000000014231       0x3c ./Core/Src/main.o
 .debug_macro   0x000000000001426d       0x34 ./Core/Src/main.o
 .debug_macro   0x00000000000142a1       0x16 ./Core/Src/main.o
 .debug_macro   0x00000000000142b7       0x43 ./Core/Src/main.o
 .debug_macro   0x00000000000142fa       0x34 ./Core/Src/main.o
 .debug_macro   0x000000000001432e       0x10 ./Core/Src/main.o
 .debug_macro   0x000000000001433e       0x58 ./Core/Src/main.o
 .debug_macro   0x0000000000014396       0x71 ./Core/Src/main.o
 .debug_macro   0x0000000000014407       0x1c ./Core/Src/main.o
 .debug_macro   0x0000000000014423      0x12a ./Core/Src/main.o
 .debug_macro   0x000000000001454d      0x341 ./Core/Src/main.o
 .debug_macro   0x000000000001488e       0x10 ./Core/Src/main.o
 .debug_macro   0x000000000001489e       0x35 ./Core/Src/main.o
 .debug_macro   0x00000000000148d3       0x20 ./Core/Src/main.o
 .debug_macro   0x00000000000148f3       0x58 ./Core/Src/main.o
 .debug_macro   0x000000000001494b       0x22 ./Core/Src/main.o
 .debug_macro   0x000000000001496d       0xa0 ./Core/Src/main.o
 .debug_macro   0x0000000000014a0d       0x3a ./Core/Src/main.o
 .debug_macro   0x0000000000014a47      0x1ec ./Core/Src/stm32f4xx_hal_msp.o
 .debug_macro   0x0000000000014c33      0x1f6 ./Core/Src/stm32f4xx_it.o
 .debug_macro   0x0000000000014e29      0x1dd ./Core/Src/system_stm32f4xx.o
 .debug_macro   0x0000000000015006      0x9e5 ./Core/Src/LCDrv_f4_spi/lcd_io_spi.o
 .debug_macro   0x00000000000159eb       0x8e ./Core/Src/LCDrv_f4_spi/lcd_io_spi.o
 .debug_macro   0x0000000000015a79      0x1ff ./Core/Src/ili9341/ili9341.o
 .debug_macro   0x0000000000015c78      0x23d ./Drivers/STM32F4xx_HAL_Driver/Src/stm32f4xx_hal.o
 .debug_macro   0x0000000000015eb5      0x1dd ./Drivers/STM32F4xx_HAL_Driver/Src/stm32f4xx_hal_cortex.o
 .debug_macro   0x0000000000016092      0x1e3 ./Drivers/STM32F4xx_HAL_Driver/Src/stm32f4xx_hal_dma.o
 .debug_macro   0x0000000000016275      0x1e3 ./Drivers/STM32F4xx_HAL_Driver/Src/stm32f4xx_hal_gpio.o
 .debug_macro   0x0000000000016458      0x224 ./Drivers/STM32F4xx_HAL_Driver/Src/stm32f4xx_hal_i2c.o
 .debug_macro   0x000000000001667c      0x201 ./Drivers/STM32F4xx_HAL_Driver/Src/stm32f4xx_hal_rcc.o
 .debug_macro   0x000000000001687d      0x1ec ./Drivers/STM32F4xx_HAL_Driver/Src/stm32f4xx_hal_spi.o
 .debug_macro   0x0000000000016a69      0x1de ./Drivers/STM32F4xx_HAL_Driver/Src/stm32f4xx_hal_uart.o

.debug_line     0x0000000000000000     0xfff3
 .debug_line    0x0000000000000000      0x6cd ./Core/Src/INA219.o
 .debug_line    0x00000000000006cd      0xa37 ./Core/Src/main.o
 .debug_line    0x0000000000001104      0x7cf ./Core/Src/stm32f4xx_hal_msp.o
 .debug_line    0x00000000000018d3      0x7c1 ./Core/Src/stm32f4xx_it.o
 .debug_line    0x0000000000002094      0x750 ./Core/Src/system_stm32f4xx.o
 .debug_line    0x00000000000027e4      0xfa8 ./Core/Src/LCDrv_f4_spi/lcd_io_spi.o
 .debug_line    0x000000000000378c      0xa84 ./Core/Src/ili9341/ili9341.o
 .debug_line    0x0000000000004210       0x88 ./Core/Startup/startup_stm32f411retx.o
 .debug_line    0x0000000000004298      0x9b6 ./Drivers/STM32F4xx_HAL_Driver/Src/stm32f4xx_hal.o
 .debug_line    0x0000000000004c4e      0xc65 ./Drivers/STM32F4xx_HAL_Driver/Src/stm32f4xx_hal_cortex.o
 .debug_line    0x00000000000058b3      0xf1a ./Drivers/STM32F4xx_HAL_Driver/Src/stm32f4xx_hal_dma.o
 .debug_line    0x00000000000067cd      0xaee ./Drivers/STM32F4xx_HAL_Driver/Src/stm32f4xx_hal_gpio.o
 .debug_line    0x00000000000072bb     0x396b ./Drivers/STM32F4xx_HAL_Driver/Src/stm32f4xx_hal_i2c.o
 .debug_line    0x000000000000ac26      0xd32 ./Drivers/STM32F4xx_HAL_Driver/Src/stm32f4xx_hal_rcc.o
 .debug_line    0x000000000000b958     0x1c40 ./Drivers/STM32F4xx_HAL_Driver/Src/stm32f4xx_hal_spi.o
 .debug_line    0x000000000000d598     0x2a5b ./Drivers/STM32F4xx_HAL_Driver/Src/stm32f4xx_hal_uart.o

.debug_str      0x0000000000000000    0x8bf04
 .debug_str     0x0000000000000000    0x82aeb ./Core/Src/INA219.o
                                      0x82dc6 (size before relaxing)
 .debug_str     0x0000000000082aeb     0x3b40 ./Core/Src/main.o
                                      0x86972 (size before relaxing)
 .debug_str     0x000000000008662b      0x49e ./Core/Src/stm32f4xx_hal_msp.o
                                      0x83790 (size before relaxing)
 .debug_str     0x0000000000086ac9      0x11b ./Core/Src/stm32f4xx_it.o
                                      0x82f28 (size before relaxing)
 .debug_str     0x0000000000086be4       0xdb ./Core/Src/system_stm32f4xx.o
                                      0x8297c (size before relaxing)
 .debug_str     0x0000000000086cbf     0x2c0e ./Core/Src/LCDrv_f4_spi/lcd_io_spi.o
                                      0x888c9 (size before relaxing)
 .debug_str     0x00000000000898cd      0x155 ./Core/Src/ili9341/ili9341.o
                                      0x83129 (size before relaxing)
 .debug_str     0x0000000000089a22       0x36 ./Core/Startup/startup_stm32f411retx.o
                                         0x7b (size before relaxing)
 .debug_str     0x0000000000089a58      0x5da ./Drivers/STM32F4xx_HAL_Driver/Src/stm32f4xx_hal.o
                                      0x833a8 (size before relaxing)
 .debug_str     0x000000000008a032      0x2e9 ./Drivers/STM32F4xx_HAL_Driver/Src/stm32f4xx_hal_cortex.o
                                      0x830c9 (size before relaxing)
 .debug_str     0x000000000008a31b      0x315 ./Drivers/STM32F4xx_HAL_Driver/Src/stm32f4xx_hal_dma.o
                                      0x82d84 (size before relaxing)
 .debug_str     0x000000000008a630      0x10e ./Drivers/STM32F4xx_HAL_Driver/Src/stm32f4xx_hal_gpio.o
                                      0x82af7 (size before relaxing)
 .debug_str     0x000000000008a73e      0xa83 ./Drivers/STM32F4xx_HAL_Driver/Src/stm32f4xx_hal_i2c.o
                                      0x8393a (size before relaxing)
 .debug_str     0x000000000008b1c1      0x213 ./Drivers/STM32F4xx_HAL_Driver/Src/stm32f4xx_hal_rcc.o
                                      0x82db0 (size before relaxing)
 .debug_str     0x000000000008b3d4      0x541 ./Drivers/STM32F4xx_HAL_Driver/Src/stm32f4xx_hal_spi.o
                                      0x8322e (size before relaxing)
 .debug_str     0x000000000008b915      0x5ef ./Drivers/STM32F4xx_HAL_Driver/Src/stm32f4xx_hal_uart.o
                                      0x8333d (size before relaxing)

.comment        0x0000000000000000       0x50
 .comment       0x0000000000000000       0x50 ./Core/Src/INA219.o
                                         0x51 (size before relaxing)
 .comment       0x0000000000000050       0x51 ./Core/Src/main.o
 .comment       0x0000000000000050       0x51 ./Core/Src/stm32f4xx_hal_msp.o
 .comment       0x0000000000000050       0x51 ./Core/Src/stm32f4xx_it.o
 .comment       0x0000000000000050       0x51 ./Core/Src/system_stm32f4xx.o
 .comment       0x0000000000000050       0x51 ./Core/Src/LCDrv_f4_spi/lcd_io_spi.o
 .comment       0x0000000000000050       0x51 ./Core/Src/ili9341/ili9341.o
 .comment       0x0000000000000050       0x51 ./Drivers/STM32F4xx_HAL_Driver/Src/stm32f4xx_hal.o
 .comment       0x0000000000000050       0x51 ./Drivers/STM32F4xx_HAL_Driver/Src/stm32f4xx_hal_cortex.o
 .comment       0x0000000000000050       0x51 ./Drivers/STM32F4xx_HAL_Driver/Src/stm32f4xx_hal_dma.o
 .comment       0x0000000000000050       0x51 ./Drivers/STM32F4xx_HAL_Driver/Src/stm32f4xx_hal_gpio.o
 .comment       0x0000000000000050       0x51 ./Drivers/STM32F4xx_HAL_Driver/Src/stm32f4xx_hal_i2c.o
 .comment       0x0000000000000050       0x51 ./Drivers/STM32F4xx_HAL_Driver/Src/stm32f4xx_hal_rcc.o
 .comment       0x0000000000000050       0x51 ./Drivers/STM32F4xx_HAL_Driver/Src/stm32f4xx_hal_spi.o
 .comment       0x0000000000000050       0x51 ./Drivers/STM32F4xx_HAL_Driver/Src/stm32f4xx_hal_uart.o

.debug_frame    0x0000000000000000     0x373c
 .debug_frame   0x0000000000000000       0x34 ./Core/Src/INA219.o
 .debug_frame   0x0000000000000034       0xe4 ./Core/Src/main.o
 .debug_frame   0x0000000000000118      0x10c ./Core/Src/stm32f4xx_hal_msp.o
 .debug_frame   0x0000000000000224      0x13c ./Core/Src/stm32f4xx_it.o
 .debug_frame   0x0000000000000360       0x58 ./Core/Src/system_stm32f4xx.o
 .debug_frame   0x00000000000003b8      0x574 ./Core/Src/LCDrv_f4_spi/lcd_io_spi.o
 .debug_frame   0x000000000000092c      0x21c ./Core/Src/ili9341/ili9341.o
 .debug_frame   0x0000000000000b48      0x374 ./Drivers/STM32F4xx_HAL_Driver/Src/stm32f4xx_hal.o
 .debug_frame   0x0000000000000ebc      0x498 ./Drivers/STM32F4xx_HAL_Driver/Src/stm32f4xx_hal_cortex.o
 .debug_frame   0x0000000000001354      0x250 ./Drivers/STM32F4xx_HAL_Driver/Src/stm32f4xx_hal_dma.o
 .debug_frame   0x00000000000015a4      0x14c ./Drivers/STM32F4xx_HAL_Driver/Src/stm32f4xx_hal_gpio.o
 .debug_frame   0x00000000000016f0      0xc5c ./Drivers/STM32F4xx_HAL_Driver/Src/stm32f4xx_hal_i2c.o
 .debug_frame   0x000000000000234c      0x1f4 ./Drivers/STM32F4xx_HAL_Driver/Src/stm32f4xx_hal_rcc.o
 .debug_frame   0x0000000000002540      0x824 ./Drivers/STM32F4xx_HAL_Driver/Src/stm32f4xx_hal_spi.o
 .debug_frame   0x0000000000002d64      0x92c ./Drivers/STM32F4xx_HAL_Driver/Src/stm32f4xx_hal_uart.o
 .debug_frame   0x0000000000003690       0x2c c:/st/stm32cubeide_1.8.0/stm32cubeide/plugins/com.st.stm32cube.ide.mcu.externaltools.gnu-tools-for-stm32.10.3-2021.10.win32_1.0.0.202111181127/tools/bin/../lib/gcc/arm-none-eabi/10.3.1/../../../../arm-none-eabi/lib/thumb/v7e-m+fp/hard\libc_nano.a(lib_a-init.o)
 .debug_frame   0x00000000000036bc       0x20 c:/st/stm32cubeide_1.8.0/stm32cubeide/plugins/com.st.stm32cube.ide.mcu.externaltools.gnu-tools-for-stm32.10.3-2021.10.win32_1.0.0.202111181127/tools/bin/../lib/gcc/arm-none-eabi/10.3.1/../../../../arm-none-eabi/lib/thumb/v7e-m+fp/hard\libc_nano.a(lib_a-memset.o)
 .debug_frame   0x00000000000036dc       0x2c c:/st/stm32cubeide_1.8.0/stm32cubeide/plugins/com.st.stm32cube.ide.mcu.externaltools.gnu-tools-for-stm32.10.3-2021.10.win32_1.0.0.202111181127/tools/bin/../lib/gcc/arm-none-eabi/10.3.1/thumb/v7e-m+fp/hard\libgcc.a(_aeabi_uldivmod.o)
 .debug_frame   0x0000000000003708       0x34 c:/st/stm32cubeide_1.8.0/stm32cubeide/plugins/com.st.stm32cube.ide.mcu.externaltools.gnu-tools-for-stm32.10.3-2021.10.win32_1.0.0.202111181127/tools/bin/../lib/gcc/arm-none-eabi/10.3.1/thumb/v7e-m+fp/hard\libgcc.a(_udivmoddi4.o)
