../Core/Src/main.c:162:5:main	96	static
../Core/Src/main.c:339:6:SystemClock_Config	88	static
../Core/Src/main.c:386:13:MX_ADC1_Init	56	static
../Core/Src/main.c:464:13:MX_LPUART1_UART_Init	8	static
../Core/Src/main.c:509:13:MX_DMA_Init	16	static
../Core/Src/main.c:528:13:MX_GPIO_Init	48	static
../Core/Src/main.c:590:7:ADCTVoltar	24	static
../Core/Src/main.c:600:7:Tempequat_G4	40	static
../Core/Src/main.c:612:6:Compare_pin_32	48	static
../Core/Src/main.c:675:6:resetgpio_char	8	static
../Core/Src/main.c:691:6:CheckAllPass	8	static
../Core/Src/main.c:712:6:HAL_GPIO_EXTI_Callback	16	static
../Core/Src/main.c:727:6:Error_Handler	4	static,ignoring_inline_asm
