../Core/Src/main.c:162:5:main	96	static
../Core/Src/main.c:332:6:SystemClock_Config	88	static
../Core/Src/main.c:379:13:MX_ADC1_Init	56	static
../Core/Src/main.c:457:13:MX_LPUART1_UART_Init	8	static
../Core/Src/main.c:502:13:MX_DMA_Init	16	static
../Core/Src/main.c:521:13:MX_GPIO_Init	48	static
../Core/Src/main.c:583:7:ADCTVoltar	24	static
../Core/Src/main.c:593:7:Tempequat_G4	40	static
../Core/Src/main.c:607:6:Compare_pin_32	48	static
../Core/Src/main.c:670:6:resetgpio_char	8	static
../Core/Src/main.c:686:6:CheckAllPass	8	static
../Core/Src/main.c:707:6:HAL_GPIO_EXTI_Callback	16	static
../Core/Src/main.c:722:6:Error_Handler	4	static,ignoring_inline_asm
