../Core/Src/bootloader_UART.c:43:6:BL_UART_Start	24	static
../Core/Src/bootloader_UART.c:62:6:BL_UART_Finish	8	static
../Core/Src/bootloader_UART.c:75:22:BL_UART_GET_CMD	24	static
../Core/Src/bootloader_UART.c:105:22:BL_UART_GETVersion	32	static
../Core/Src/bootloader_UART.c:133:22:BL_UART_GETID	24	static
../Core/Src/bootloader_UART.c:155:22:BL_UART_ReadMem	48	static
../Core/Src/bootloader_UART.c:227:22:BL_UART_Go	32	static
../Core/Src/bootloader_UART.c:285:22:BL_UART_WriteMem	312	static
../Core/Src/bootloader_UART.c:380:22:BL_UART_ExtendEraseMem_SP	32	static
../Core/Src/bootloader_UART.c:427:22:BL_UART_Write_Protect	24	static
../Core/Src/bootloader_UART.c:441:22:BL_UART_Write_UnProtect	24	static
../Core/Src/bootloader_UART.c:455:22:BL_UART_Readout_Protect	24	static
../Core/Src/bootloader_UART.c:468:22:BL_UART_Readout_UnProtect	24	static
../Core/Src/bootloader_UART.c:483:22:BL_UART_wait_ACK	32	static
