../Core/Src/main.c:139:5:main	96	static
../Core/Src/main.c:280:6:SystemClock_Config	88	static
../Core/Src/main.c:327:13:MX_I2C1_Init	8	static
../Core/Src/main.c:361:13:MX_SPI2_Init	8	static
../Core/Src/main.c:399:13:MX_SPI3_Init	8	static
../Core/Src/main.c:437:13:MX_TIM10_Init	8	static
../Core/Src/main.c:468:13:MX_USART2_UART_Init	8	static
../Core/Src/main.c:501:13:MX_USART6_UART_Init	8	static
../Core/Src/main.c:532:13:MX_DMA_Init	16	static
../Core/Src/main.c:550:13:MX_GPIO_Init	48	static
../Core/Src/main.c:627:6:running_box	40	static
../Core/Src/main.c:643:6:Button_machine	4	static
../Core/Src/main.c:685:6:buzzer_scream_cnt	16	static
../Core/Src/main.c:740:6:State_Script_1	4	static
../Core/Src/main.c:744:6:HAL_GPIO_EXTI_Callback	16	static
../Core/Src/main.c:752:6:HAL_TIM_PeriodElapsedCallback	16	static
../Core/Src/main.c:768:6:Error_Handler	4	static,ignoring_inline_asm
