../Core/Src/main.c:305:5:main	136	static
../Core/Src/main.c:517:6:SystemClock_Config	88	static
../Core/Src/main.c:564:13:MX_I2C1_Init	8	static
../Core/Src/main.c:598:13:MX_SPI3_Init	8	static
../Core/Src/main.c:636:13:MX_TIM3_Init	56	static
../Core/Src/main.c:685:13:MX_TIM10_Init	8	static
../Core/Src/main.c:716:13:MX_USART1_UART_Init	8	static
../Core/Src/main.c:749:13:MX_USART2_UART_Init	8	static
../Core/Src/main.c:782:13:MX_USART6_UART_Init	8	static
../Core/Src/main.c:813:13:MX_DMA_Init	16	static
../Core/Src/main.c:831:13:MX_GPIO_Init	48	static
../Core/Src/main.c:933:6:running_box	40	static
../Core/Src/main.c:949:6:box_pointer	24	static
../Core/Src/main.c:969:6:simple_scr	24	static
../Core/Src/main.c:990:6:Compare_pin	32	static
../Core/Src/main.c:1011:6:Button_machine	4	static
../Core/Src/main.c:1052:6:knob_rotter	4	static
../Core/Src/main.c:1071:6:Protection_machine	8	static
../Core/Src/main.c:1093:6:manual_relay	8	static
../Core/Src/main.c:1103:6:buzzer_scream_cnt	16	static
../Core/Src/main.c:1159:6:GrandState_Verita	32	static
../Core/Src/main.c:1404:7:ADCTVolta	16	static
../Core/Src/main.c:1405:7:TempEquat	16	static
../Core/Src/main.c:1410:6:gpio_BL_UART_activate	4	static
../Core/Src/main.c:1425:6:gpio_BL_UART_Deactivate	4	static
../Core/Src/main.c:1438:6:HAL_GPIO_EXTI_Callback	16	static
../Core/Src/main.c:1458:6:HAL_TIM_PeriodElapsedCallback	16	static
../Core/Src/main.c:1468:6:HAL_UART_RxCpltCallback	16	static
../Core/Src/main.c:1480:6:Error_Handler	4	static,ignoring_inline_asm
