../Core/Src/main.c:167:5:main	88	static
../Core/Src/main.c:278:6:SystemClock_Config	88	static
../Core/Src/main.c:325:13:MX_I2C1_Init	8	static
../Core/Src/main.c:359:13:MX_SPI3_Init	8	static
../Core/Src/main.c:397:13:MX_TIM10_Init	8	static
../Core/Src/main.c:428:13:MX_USART1_UART_Init	8	static
../Core/Src/main.c:461:13:MX_USART2_UART_Init	8	static
../Core/Src/main.c:494:13:MX_USART6_UART_Init	8	static
../Core/Src/main.c:525:13:MX_DMA_Init	16	static
../Core/Src/main.c:543:13:MX_GPIO_Init	48	static
../Core/Src/main.c:628:6:running_box	40	static
../Core/Src/main.c:644:6:simple_scr	24	static
../Core/Src/main.c:683:6:Button_machine	4	static
../Core/Src/main.c:720:6:buzzer_scream_cnt	16	static
../Core/Src/main.c:775:6:State_Script_1	4	static
../Core/Src/main.c:779:6:GrandState_Verita	8	static
../Core/Src/main.c:816:6:HAL_GPIO_EXTI_Callback	16	static
../Core/Src/main.c:827:6:HAL_TIM_PeriodElapsedCallback	16	static
../Core/Src/main.c:835:6:HAL_UART_RxCpltCallback	16	static
../Core/Src/main.c:847:6:Error_Handler	4	static,ignoring_inline_asm
