../Core/Src/main.c:345:5:main	136	static
../Core/Src/main.c:567:6:SystemClock_Config	88	static
../Core/Src/main.c:614:13:MX_I2C1_Init	8	static
../Core/Src/main.c:648:13:MX_SPI3_Init	8	static
../Core/Src/main.c:686:13:MX_TIM3_Init	56	static
../Core/Src/main.c:735:13:MX_TIM10_Init	8	static
../Core/Src/main.c:766:13:MX_USART1_UART_Init	8	static
../Core/Src/main.c:799:13:MX_USART2_UART_Init	8	static
../Core/Src/main.c:832:13:MX_USART6_UART_Init	8	static
../Core/Src/main.c:863:13:MX_DMA_Init	16	static
../Core/Src/main.c:881:13:MX_GPIO_Init	48	static
../Core/Src/main.c:983:6:running_box	40	static
../Core/Src/main.c:999:6:box_pointer	24	static
../Core/Src/main.c:1019:6:simple_scr	24	static
../Core/Src/main.c:1041:6:Button_machine	4	static
../Core/Src/main.c:1088:6:knob_rotter	8	static
../Core/Src/main.c:1114:6:Protection_machine	8	static
../Core/Src/main.c:1138:6:manual_relay	8	static
../Core/Src/main.c:1149:6:Compare_pin_32	48	static
../Core/Src/main.c:1211:6:buzzer_scream_cnt	16	static
../Core/Src/main.c:1266:6:GrandState_Verita	40	static
../Core/Src/main.c:2174:7:ADCTVolta	16	static
../Core/Src/main.c:2175:7:TempEquat	16	static
../Core/Src/main.c:2180:6:gpio_BL_UART_activate	16	static
../Core/Src/main.c:2202:6:gpio_BL_UART_Deactivate	16	static
../Core/Src/main.c:2222:6:resetgpio_char	8	static
../Core/Src/main.c:2237:6:HAL_GPIO_EXTI_Callback	16	static
../Core/Src/main.c:2259:6:HAL_TIM_PeriodElapsedCallback	16	static
../Core/Src/main.c:2268:6:HAL_UART_RxCpltCallback	16	static
../Core/Src/main.c:2281:6:Error_Handler	4	static,ignoring_inline_asm
