../Core/Src/main.c:165:5:main	88	static
../Core/Src/main.c:276:6:SystemClock_Config	88	static
../Core/Src/main.c:323:13:MX_I2C1_Init	8	static
../Core/Src/main.c:357:13:MX_SPI3_Init	8	static
../Core/Src/main.c:395:13:MX_TIM10_Init	8	static
../Core/Src/main.c:426:13:MX_USART1_UART_Init	8	static
../Core/Src/main.c:459:13:MX_USART2_UART_Init	8	static
../Core/Src/main.c:492:13:MX_USART6_UART_Init	8	static
../Core/Src/main.c:523:13:MX_DMA_Init	16	static
../Core/Src/main.c:541:13:MX_GPIO_Init	48	static
../Core/Src/main.c:626:6:running_box	40	static
../Core/Src/main.c:642:6:simple_scr	24	static
../Core/Src/main.c:681:6:Button_machine	4	static
../Core/Src/main.c:718:6:buzzer_scream_cnt	16	static
../Core/Src/main.c:773:6:State_Script_1	4	static
../Core/Src/main.c:777:6:GrandState_Verita	8	static
../Core/Src/main.c:814:6:HAL_GPIO_EXTI_Callback	16	static
../Core/Src/main.c:825:6:HAL_TIM_PeriodElapsedCallback	16	static
../Core/Src/main.c:833:6:HAL_UART_RxCpltCallback	16	static
../Core/Src/main.c:845:6:Error_Handler	4	static,ignoring_inline_asm
