../Core/Src/main.c:326:5:main	136	static
../Core/Src/main.c:542:6:SystemClock_Config	88	static
../Core/Src/main.c:589:13:MX_I2C1_Init	8	static
../Core/Src/main.c:623:13:MX_SPI3_Init	8	static
../Core/Src/main.c:661:13:MX_TIM3_Init	56	static
../Core/Src/main.c:710:13:MX_TIM10_Init	8	static
../Core/Src/main.c:741:13:MX_USART1_UART_Init	8	static
../Core/Src/main.c:774:13:MX_USART2_UART_Init	8	static
../Core/Src/main.c:807:13:MX_USART6_UART_Init	8	static
../Core/Src/main.c:838:13:MX_DMA_Init	16	static
../Core/Src/main.c:856:13:MX_GPIO_Init	48	static
../Core/Src/main.c:958:6:running_box	40	static
../Core/Src/main.c:974:6:box_pointer	24	static
../Core/Src/main.c:994:6:simple_scr	24	static
../Core/Src/main.c:1015:6:Compare_pin	32	static
../Core/Src/main.c:1036:6:Button_machine	4	static
../Core/Src/main.c:1077:6:knob_rotter	4	static
../Core/Src/main.c:1096:6:Protection_machine	8	static
../Core/Src/main.c:1120:6:manual_relay	8	static
../Core/Src/main.c:1130:6:Compare_pin_32	48	static
../Core/Src/main.c:1181:6:buzzer_scream_cnt	16	static
../Core/Src/main.c:1236:6:GrandState_Verita	32	static
../Core/Src/main.c:1803:7:ADCTVolta	16	static
../Core/Src/main.c:1804:7:TempEquat	16	static
../Core/Src/main.c:1809:6:gpio_BL_UART_activate	16	static
../Core/Src/main.c:1831:6:gpio_BL_UART_Deactivate	16	static
../Core/Src/main.c:1851:6:resetgpio_char	8	static
../Core/Src/main.c:1866:6:HAL_GPIO_EXTI_Callback	16	static
../Core/Src/main.c:1888:6:HAL_TIM_PeriodElapsedCallback	16	static
../Core/Src/main.c:1897:6:HAL_UART_RxCpltCallback	16	static
../Core/Src/main.c:1910:6:Error_Handler	4	static,ignoring_inline_asm
