../Core/Src/main.c:322:5:main	136	static
../Core/Src/main.c:531:6:SystemClock_Config	88	static
../Core/Src/main.c:578:13:MX_I2C1_Init	8	static
../Core/Src/main.c:612:13:MX_SPI3_Init	8	static
../Core/Src/main.c:650:13:MX_TIM3_Init	56	static
../Core/Src/main.c:699:13:MX_TIM10_Init	8	static
../Core/Src/main.c:730:13:MX_USART1_UART_Init	8	static
../Core/Src/main.c:763:13:MX_USART2_UART_Init	8	static
../Core/Src/main.c:796:13:MX_USART6_UART_Init	8	static
../Core/Src/main.c:827:13:MX_DMA_Init	16	static
../Core/Src/main.c:845:13:MX_GPIO_Init	48	static
../Core/Src/main.c:947:6:running_box	40	static
../Core/Src/main.c:963:6:box_pointer	24	static
../Core/Src/main.c:983:6:simple_scr	24	static
../Core/Src/main.c:1004:6:Compare_pin	32	static
../Core/Src/main.c:1025:6:Button_machine	4	static
../Core/Src/main.c:1066:6:knob_rotter	4	static
../Core/Src/main.c:1085:6:Protection_machine	8	static
../Core/Src/main.c:1108:6:manual_relay	8	static
../Core/Src/main.c:1118:6:Compare_pin_32	48	static
../Core/Src/main.c:1169:6:buzzer_scream_cnt	16	static
../Core/Src/main.c:1224:6:GrandState_Verita	32	static
../Core/Src/main.c:1587:7:ADCTVolta	16	static
../Core/Src/main.c:1588:7:TempEquat	16	static
../Core/Src/main.c:1593:6:gpio_BL_UART_activate	4	static
../Core/Src/main.c:1615:6:gpio_BL_UART_Deactivate	4	static
../Core/Src/main.c:1635:6:HAL_GPIO_EXTI_Callback	16	static
../Core/Src/main.c:1657:6:HAL_TIM_PeriodElapsedCallback	16	static
../Core/Src/main.c:1666:6:HAL_UART_RxCpltCallback	16	static
../Core/Src/main.c:1678:6:Error_Handler	4	static,ignoring_inline_asm
