../Core/Src/main.c:300:5:main	136	static
../Core/Src/main.c:511:6:SystemClock_Config	88	static
../Core/Src/main.c:558:13:MX_I2C1_Init	8	static
../Core/Src/main.c:592:13:MX_SPI3_Init	8	static
../Core/Src/main.c:630:13:MX_TIM3_Init	56	static
../Core/Src/main.c:679:13:MX_TIM10_Init	8	static
../Core/Src/main.c:710:13:MX_USART1_UART_Init	8	static
../Core/Src/main.c:743:13:MX_USART2_UART_Init	8	static
../Core/Src/main.c:776:13:MX_USART6_UART_Init	8	static
../Core/Src/main.c:807:13:MX_DMA_Init	16	static
../Core/Src/main.c:825:13:MX_GPIO_Init	48	static
../Core/Src/main.c:927:6:running_box	40	static
../Core/Src/main.c:943:6:box_pointer	24	static
../Core/Src/main.c:963:6:simple_scr	24	static
../Core/Src/main.c:984:6:Compare_pin	32	static
../Core/Src/main.c:1005:6:Button_machine	4	static
../Core/Src/main.c:1046:6:knob_rotter	4	static
../Core/Src/main.c:1065:6:Protection_machine	8	static
../Core/Src/main.c:1087:6:manual_relay	8	static
../Core/Src/main.c:1097:6:buzzer_scream_cnt	16	static
../Core/Src/main.c:1153:6:GrandState_Verita	32	static
../Core/Src/main.c:1393:7:ADCTVolta	16	static
../Core/Src/main.c:1394:7:TempEquat	16	static
../Core/Src/main.c:1399:6:HAL_GPIO_EXTI_Callback	16	static
../Core/Src/main.c:1419:6:HAL_TIM_PeriodElapsedCallback	16	static
../Core/Src/main.c:1429:6:HAL_UART_RxCpltCallback	16	static
../Core/Src/main.c:1441:6:Error_Handler	4	static,ignoring_inline_asm
