../Core/Src/main.c:344:5:main	136	static
../Core/Src/main.c:563:6:SystemClock_Config	88	static
../Core/Src/main.c:610:13:MX_I2C1_Init	8	static
../Core/Src/main.c:644:13:MX_SPI3_Init	8	static
../Core/Src/main.c:682:13:MX_TIM3_Init	56	static
../Core/Src/main.c:731:13:MX_TIM10_Init	8	static
../Core/Src/main.c:762:13:MX_USART1_UART_Init	8	static
../Core/Src/main.c:795:13:MX_USART2_UART_Init	8	static
../Core/Src/main.c:828:13:MX_USART6_UART_Init	8	static
../Core/Src/main.c:859:13:MX_DMA_Init	16	static
../Core/Src/main.c:877:13:MX_GPIO_Init	48	static
../Core/Src/main.c:979:6:running_box	40	static
../Core/Src/main.c:995:6:box_pointer	24	static
../Core/Src/main.c:1015:6:simple_scr	24	static
../Core/Src/main.c:1057:6:Button_machine	4	static
../Core/Src/main.c:1104:6:knob_rotter	8	static
../Core/Src/main.c:1130:6:Protection_machine	8	static
../Core/Src/main.c:1154:6:manual_relay	8	static
../Core/Src/main.c:1165:6:Compare_pin_32	48	static
../Core/Src/main.c:1227:6:buzzer_scream_cnt	16	static
../Core/Src/main.c:1282:6:GrandState_Verita	32	static
../Core/Src/main.c:2185:7:ADCTVolta	16	static
../Core/Src/main.c:2186:7:TempEquat	16	static
../Core/Src/main.c:2191:6:gpio_BL_UART_activate	16	static
../Core/Src/main.c:2213:6:gpio_BL_UART_Deactivate	16	static
../Core/Src/main.c:2233:6:resetgpio_char	8	static
../Core/Src/main.c:2248:6:HAL_GPIO_EXTI_Callback	16	static
../Core/Src/main.c:2270:6:HAL_TIM_PeriodElapsedCallback	16	static
../Core/Src/main.c:2279:6:HAL_UART_RxCpltCallback	16	static
../Core/Src/main.c:2292:6:Error_Handler	4	static,ignoring_inline_asm
