../Core/Src/main.c:248:5:main	136	static
../Core/Src/main.c:500:6:SystemClock_Config	88	static
../Core/Src/main.c:547:13:MX_I2C1_Init	8	static
../Core/Src/main.c:581:13:MX_SPI3_Init	8	static
../Core/Src/main.c:619:13:MX_TIM3_Init	56	static
../Core/Src/main.c:668:13:MX_TIM10_Init	8	static
../Core/Src/main.c:699:13:MX_USART1_UART_Init	8	static
../Core/Src/main.c:732:13:MX_USART2_UART_Init	8	static
../Core/Src/main.c:765:13:MX_USART6_UART_Init	8	static
../Core/Src/main.c:796:13:MX_DMA_Init	16	static
../Core/Src/main.c:814:13:MX_GPIO_Init	48	static
../Core/Src/main.c:916:6:running_box	40	static
../Core/Src/main.c:932:6:box_pointer	24	static
../Core/Src/main.c:952:6:simple_scr	24	static
../Core/Src/main.c:973:6:Compare_pin	32	static
../Core/Src/main.c:994:6:Button_machine	4	static
../Core/Src/main.c:1035:6:knob_rotter	4	static
../Core/Src/main.c:1054:6:Protection_machine	8	static
../Core/Src/main.c:1075:6:manual_relay	8	static
../Core/Src/main.c:1088:6:buzzer_scream_cnt	16	static
../Core/Src/main.c:1144:6:GrandState_Verita	32	static
../Core/Src/main.c:1337:7:ADCTVolta	16	static
../Core/Src/main.c:1338:7:TempEquat	16	static
../Core/Src/main.c:1343:6:HAL_GPIO_EXTI_Callback	16	static
../Core/Src/main.c:1363:6:HAL_TIM_PeriodElapsedCallback	16	static
../Core/Src/main.c:1372:6:HAL_UART_RxCpltCallback	16	static
../Core/Src/main.c:1384:6:Error_Handler	4	static,ignoring_inline_asm
