../Core/Src/main.c:347:5:main	136	static
../Core/Src/main.c:569:6:SystemClock_Config	88	static
../Core/Src/main.c:616:13:MX_I2C1_Init	8	static
../Core/Src/main.c:650:13:MX_SPI3_Init	8	static
../Core/Src/main.c:688:13:MX_TIM3_Init	56	static
../Core/Src/main.c:737:13:MX_TIM10_Init	8	static
../Core/Src/main.c:768:13:MX_USART1_UART_Init	8	static
../Core/Src/main.c:801:13:MX_USART2_UART_Init	8	static
../Core/Src/main.c:834:13:MX_USART6_UART_Init	8	static
../Core/Src/main.c:865:13:MX_DMA_Init	16	static
../Core/Src/main.c:883:13:MX_GPIO_Init	48	static
../Core/Src/main.c:985:6:running_box	40	static
../Core/Src/main.c:1001:6:box_pointer	24	static
../Core/Src/main.c:1021:6:simple_scr	24	static
../Core/Src/main.c:1043:6:Button_machine	4	static
../Core/Src/main.c:1100:6:knob_rotter	8	static
../Core/Src/main.c:1126:6:Protection_machine	8	static
../Core/Src/main.c:1150:6:manual_relay	8	static
../Core/Src/main.c:1161:6:Compare_pin_32	48	static
../Core/Src/main.c:1223:6:CheckAllPass	8	static
../Core/Src/main.c:1242:6:buzzer_scream_cnt	16	static
../Core/Src/main.c:1297:6:GrandState_Verita	40	static
../Core/Src/main.c:2238:7:ADCTVolta	16	static
../Core/Src/main.c:2239:7:TempEquat	16	static
../Core/Src/main.c:2244:6:gpio_BL_UART_activate	16	static
../Core/Src/main.c:2266:6:gpio_BL_UART_Deactivate	16	static
../Core/Src/main.c:2286:6:resetgpio_char	8	static
../Core/Src/main.c:2301:6:HAL_GPIO_EXTI_Callback	16	static
../Core/Src/main.c:2323:6:HAL_TIM_PeriodElapsedCallback	16	static
../Core/Src/main.c:2332:6:HAL_UART_RxCpltCallback	16	static
../Core/Src/main.c:2345:6:Error_Handler	4	static,ignoring_inline_asm
