../Core/Src/main.c:322:5:main	136	static
../Core/Src/main.c:535:6:SystemClock_Config	88	static
../Core/Src/main.c:582:13:MX_I2C1_Init	8	static
../Core/Src/main.c:616:13:MX_SPI3_Init	8	static
../Core/Src/main.c:654:13:MX_TIM3_Init	56	static
../Core/Src/main.c:703:13:MX_TIM10_Init	8	static
../Core/Src/main.c:734:13:MX_USART1_UART_Init	8	static
../Core/Src/main.c:767:13:MX_USART2_UART_Init	8	static
../Core/Src/main.c:800:13:MX_USART6_UART_Init	8	static
../Core/Src/main.c:831:13:MX_DMA_Init	16	static
../Core/Src/main.c:849:13:MX_GPIO_Init	48	static
../Core/Src/main.c:951:6:running_box	40	static
../Core/Src/main.c:967:6:box_pointer	24	static
../Core/Src/main.c:987:6:simple_scr	24	static
../Core/Src/main.c:1008:6:Compare_pin	32	static
../Core/Src/main.c:1029:6:Button_machine	4	static
../Core/Src/main.c:1070:6:knob_rotter	4	static
../Core/Src/main.c:1089:6:Protection_machine	8	static
../Core/Src/main.c:1113:6:manual_relay	8	static
../Core/Src/main.c:1123:6:Compare_pin_32	48	static
../Core/Src/main.c:1174:6:buzzer_scream_cnt	16	static
../Core/Src/main.c:1229:6:GrandState_Verita	32	static
../Core/Src/main.c:1673:7:ADCTVolta	16	static
../Core/Src/main.c:1674:7:TempEquat	16	static
../Core/Src/main.c:1679:6:gpio_BL_UART_activate	16	static
../Core/Src/main.c:1701:6:gpio_BL_UART_Deactivate	16	static
../Core/Src/main.c:1721:6:HAL_GPIO_EXTI_Callback	16	static
../Core/Src/main.c:1743:6:HAL_TIM_PeriodElapsedCallback	16	static
../Core/Src/main.c:1752:6:HAL_UART_RxCpltCallback	16	static
../Core/Src/main.c:1765:6:Error_Handler	4	static,ignoring_inline_asm
