../Core/Src/main.c:144:5:main	96	static
../Core/Src/main.c:277:6:SystemClock_Config	88	static
../Core/Src/main.c:324:13:MX_I2C1_Init	8	static
../Core/Src/main.c:358:13:MX_SPI2_Init	8	static
../Core/Src/main.c:396:13:MX_SPI3_Init	8	static
../Core/Src/main.c:434:13:MX_TIM10_Init	8	static
../Core/Src/main.c:465:13:MX_USART2_UART_Init	8	static
../Core/Src/main.c:498:13:MX_USART6_UART_Init	8	static
../Core/Src/main.c:529:13:MX_DMA_Init	16	static
../Core/Src/main.c:547:13:MX_GPIO_Init	48	static
../Core/Src/main.c:624:6:HAL_GPIO_EXTI_Callback	16	static
../Core/Src/main.c:631:6:running_box	40	static
../Core/Src/main.c:647:6:Button_machine	4	static
../Core/Src/main.c:689:6:buzzer_scream_cnt	16	static
../Core/Src/main.c:823:6:HAL_TIM_PeriodElapsedCallback	16	static
../Core/Src/main.c:839:6:Error_Handler	4	static,ignoring_inline_asm
