../Core/Src/main.c:242:5:main	136	static
../Core/Src/main.c:482:6:SystemClock_Config	88	static
../Core/Src/main.c:529:13:MX_I2C1_Init	8	static
../Core/Src/main.c:563:13:MX_SPI3_Init	8	static
../Core/Src/main.c:601:13:MX_TIM3_Init	56	static
../Core/Src/main.c:650:13:MX_TIM10_Init	8	static
../Core/Src/main.c:681:13:MX_USART1_UART_Init	8	static
../Core/Src/main.c:714:13:MX_USART2_UART_Init	8	static
../Core/Src/main.c:747:13:MX_USART6_UART_Init	8	static
../Core/Src/main.c:778:13:MX_DMA_Init	16	static
../Core/Src/main.c:796:13:MX_GPIO_Init	48	static
../Core/Src/main.c:898:6:running_box	40	static
../Core/Src/main.c:914:6:box_pointer	24	static
../Core/Src/main.c:934:6:simple_scr	24	static
../Core/Src/main.c:982:6:Button_machine	4	static
../Core/Src/main.c:1039:6:knob_rotter	4	static
../Core/Src/main.c:1056:6:Protection_machine	8	static
../Core/Src/main.c:1077:6:manual_relay	8	static
../Core/Src/main.c:1090:6:buzzer_scream_cnt	16	static
../Core/Src/main.c:1146:6:GrandState_Verita	32	static
../Core/Src/main.c:1339:6:HAL_GPIO_EXTI_Callback	16	static
../Core/Src/main.c:1355:6:HAL_TIM_PeriodElapsedCallback	16	static
../Core/Src/main.c:1364:6:HAL_UART_RxCpltCallback	16	static
../Core/Src/main.c:1376:6:Error_Handler	4	static,ignoring_inline_asm
