../Core/Src/main.c:161:5:main	96	static
../Core/Src/main.c:306:6:SystemClock_Config	88	static
../Core/Src/main.c:353:13:MX_I2C1_Init	8	static
../Core/Src/main.c:387:13:MX_SPI3_Init	8	static
../Core/Src/main.c:425:13:MX_TIM10_Init	8	static
../Core/Src/main.c:456:13:MX_USART1_UART_Init	8	static
../Core/Src/main.c:489:13:MX_USART2_UART_Init	8	static
../Core/Src/main.c:522:13:MX_USART6_UART_Init	8	static
../Core/Src/main.c:553:13:MX_DMA_Init	16	static
../Core/Src/main.c:571:13:MX_GPIO_Init	48	static
../Core/Src/main.c:655:6:running_box	40	static
../Core/Src/main.c:671:6:Button_machine	4	static
../Core/Src/main.c:713:6:buzzer_scream_cnt	16	static
../Core/Src/main.c:768:6:State_Script_1	4	static
../Core/Src/main.c:772:6:HAL_GPIO_EXTI_Callback	16	static
../Core/Src/main.c:780:6:HAL_TIM_PeriodElapsedCallback	16	static
../Core/Src/main.c:788:6:HAL_UART_RxCpltCallback	16	static
../Core/Src/main.c:800:6:Error_Handler	4	static,ignoring_inline_asm
