../Core/Src/main.c:172:5:main	88	static
../Core/Src/main.c:283:6:SystemClock_Config	88	static
../Core/Src/main.c:330:13:MX_I2C1_Init	8	static
../Core/Src/main.c:364:13:MX_SPI3_Init	8	static
../Core/Src/main.c:402:13:MX_TIM10_Init	8	static
../Core/Src/main.c:433:13:MX_USART1_UART_Init	8	static
../Core/Src/main.c:466:13:MX_USART2_UART_Init	8	static
../Core/Src/main.c:499:13:MX_USART6_UART_Init	8	static
../Core/Src/main.c:530:13:MX_DMA_Init	16	static
../Core/Src/main.c:548:13:MX_GPIO_Init	48	static
../Core/Src/main.c:633:6:running_box	40	static
../Core/Src/main.c:649:6:simple_scr	24	static
../Core/Src/main.c:688:6:Button_machine	4	static
../Core/Src/main.c:725:6:buzzer_scream_cnt	16	static
../Core/Src/main.c:780:6:State_Script_1	4	static
../Core/Src/main.c:784:6:GrandState_Verita	16	static
../Core/Src/main.c:853:6:HAL_GPIO_EXTI_Callback	16	static
../Core/Src/main.c:865:6:HAL_TIM_PeriodElapsedCallback	16	static
../Core/Src/main.c:873:6:HAL_UART_RxCpltCallback	16	static
../Core/Src/main.c:885:6:Error_Handler	4	static,ignoring_inline_asm
