../Core/Src/main.c:120:5:main	96	static
../Core/Src/main.c:248:6:SystemClock_Config	88	static
../Core/Src/main.c:295:13:MX_I2C1_Init	8	static
../Core/Src/main.c:329:13:MX_SPI2_Init	8	static
../Core/Src/main.c:367:13:MX_USART2_UART_Init	8	static
../Core/Src/main.c:400:13:MX_USART6_UART_Init	8	static
../Core/Src/main.c:431:13:MX_DMA_Init	16	static
../Core/Src/main.c:449:13:MX_GPIO_Init	48	static
../Core/Src/main.c:506:6:HAL_GPIO_EXTI_Callback	16	static
../Core/Src/main.c:512:6:running_box	40	static
../Core/Src/main.c:624:6:Error_Handler	4	static,ignoring_inline_asm
