../Core/Src/main.c:223:5:main	112	static
../Core/Src/main.c:430:6:SystemClock_Config	88	static
../Core/Src/main.c:477:13:MX_I2C1_Init	8	static
../Core/Src/main.c:511:13:MX_SPI3_Init	8	static
../Core/Src/main.c:549:13:MX_TIM3_Init	56	static
../Core/Src/main.c:598:13:MX_TIM10_Init	8	static
../Core/Src/main.c:629:13:MX_USART1_UART_Init	8	static
../Core/Src/main.c:662:13:MX_USART2_UART_Init	8	static
../Core/Src/main.c:695:13:MX_USART6_UART_Init	8	static
../Core/Src/main.c:726:13:MX_DMA_Init	16	static
../Core/Src/main.c:744:13:MX_GPIO_Init	48	static
../Core/Src/main.c:835:6:running_box	40	static
../Core/Src/main.c:851:6:box_pointer	24	static
../Core/Src/main.c:871:6:simple_scr	24	static
../Core/Src/main.c:919:6:Button_machine	8	static
../Core/Src/main.c:971:6:knob_rotter	4	static
../Core/Src/main.c:988:6:buzzer_scream_cnt	48	static
../Core/Src/main.c:1044:6:GrandState_Verita	32	static
../Core/Src/main.c:1190:6:HAL_GPIO_EXTI_Callback	16	static
../Core/Src/main.c:1202:6:HAL_TIM_PeriodElapsedCallback	16	static
../Core/Src/main.c:1210:6:HAL_UART_RxCpltCallback	16	static
../Core/Src/main.c:1222:6:Error_Handler	4	static,ignoring_inline_asm
