../Core/Src/main.c:366:5:main	160	static
../Core/Src/main.c:623:6:SystemClock_Config	88	static
../Core/Src/main.c:670:13:MX_I2C1_Init	8	static
../Core/Src/main.c:704:13:MX_SPI3_Init	8	static
../Core/Src/main.c:742:13:MX_TIM3_Init	56	static
../Core/Src/main.c:791:13:MX_TIM10_Init	8	static
../Core/Src/main.c:822:13:MX_USART1_UART_Init	8	static
../Core/Src/main.c:855:13:MX_USART2_UART_Init	8	static
../Core/Src/main.c:888:13:MX_USART6_UART_Init	8	static
../Core/Src/main.c:919:13:MX_DMA_Init	16	static
../Core/Src/main.c:937:13:MX_GPIO_Init	48	static
../Core/Src/main.c:1039:6:running_box	40	static
../Core/Src/main.c:1058:6:box_pointer	24	static
../Core/Src/main.c:1082:6:simple_scr	24	static
../Core/Src/main.c:1108:6:Button_machine	8	static
../Core/Src/main.c:1168:6:knob_rotter	8	static
../Core/Src/main.c:1198:6:Protection_machine	8	static
../Core/Src/main.c:1225:6:manual_relay	8	static
../Core/Src/main.c:1235:6:Compare_pin_32	48	static
../Core/Src/main.c:1301:6:CheckAllPass	8	static
../Core/Src/main.c:1325:6:buzzer_scream_cnt	16	static
../Core/Src/main.c:1384:6:GrandState_Verita	40	static
../Core/Src/main.c:2208:7:ADCTVolta	16	static
../Core/Src/main.c:2209:7:TempEquat	16	static
../Core/Src/main.c:2214:6:gpio_BL_UART_activate	16	static
../Core/Src/main.c:2236:6:gpio_BL_UART_Deactivate	16	static
../Core/Src/main.c:2257:6:resetgpio_char	8	static
../Core/Src/main.c:2273:6:veritaPTC_reset	8	static
../Core/Src/main.c:2287:6:HAL_GPIO_EXTI_Callback	16	static
../Core/Src/main.c:2309:6:HAL_TIM_PeriodElapsedCallback	16	static
../Core/Src/main.c:2318:6:HAL_UART_RxCpltCallback	16	static
../Core/Src/main.c:2331:6:Error_Handler	4	static,ignoring_inline_asm
